Component: ARM Compiler 5.06 update 5 (build 528) Tool: armlink [4d35e2]

==============================================================================

Section Cross References

    main.o(i.main) refers to ipc.o(i.rt_event_init) for rt_event_init
    main.o(i.main) refers to ipc.o(i.rt_sem_init) for rt_sem_init
    main.o(i.main) refers to timer.o(i.rt_timer_init) for rt_timer_init
    main.o(i.main) refers to thread.o(i.rt_thread_init) for rt_thread_init
    main.o(i.main) refers to thread.o(i.rt_thread_startup) for rt_thread_startup
    main.o(i.main) refers to timer.o(i.rt_timer_start) for rt_timer_start
    main.o(i.main) refers to ipc.o(i.rt_sem_take) for rt_sem_take
    main.o(i.main) refers to wdt1.o(i.Delay_us) for Delay_us
    main.o(i.main) refers to interrupt_serve.o(i.ISR_HallProcess) for ISR_HallProcess
    main.o(i.main) refers to main.o(.bss) for MotorEvent
    main.o(i.main) refers to main.o(i.thread_data) for thread_data
    main.o(i.main) refers to main.o(i.thread_motion) for thread_motion
    main.o(i.main) refers to main.o(.data) for cnt1
    main.o(i.thread_data) refers to wdt1.o(i.WDT1_Service) for WDT1_Service
    main.o(i.thread_data) refers to applogic.o(i.MotorCommnads_Update) for MotorCommnads_Update
    main.o(i.thread_data) refers to lin_serve.o(i.LINCmdDeal) for LINCmdDeal
    main.o(i.thread_data) refers to main.o(.data) for flag
    main.o(i.thread_motion) refers to antipinch_serve.o(i.AntiPich) for AntiPich
    main.o(i.thread_motion) refers to motorcontol_serve.o(i.Motion_Control) for Motion_Control
    main.o(i.thread_motion) refers to lin_il.o(i.lin_period_handle) for lin_period_handle
    main.o(i.thread_motion) refers to lin_il.o(i.lin_rx_diag_frame) for lin_rx_diag_frame
    main.o(i.thread_motion) refers to main.o(.data) for flag
    main.o(i.uart_isr) refers to lin_hal.o(i.lin_sci_rx_isr) for lin_sci_rx_isr
    antipinch_serve.o(i.APCurrentMonitor) refers to speed_serve.o(i.PopCurrentData) for PopCurrentData
    antipinch_serve.o(i.APCurrentMonitor) refers to antipinch_serve.o(.data) for StAPCurrent
    antipinch_serve.o(i.APSpeedMonitor) refers to speed_serve.o(i.PopiFarrayData) for PopiFarrayData
    antipinch_serve.o(i.APSpeedMonitor) refers to antipinch_serve.o(.data) for StAPSpeed
    antipinch_serve.o(i.AntiPich) refers to applogic.o(i.Get_MotorAction) for Get_MotorAction
    antipinch_serve.o(i.AntiPich) refers to interrupt_serve.o(i.WindowPosition_Get) for WindowPosition_Get
    antipinch_serve.o(i.AntiPich) refers to interrupt_serve.o(i.HallSpeedTicks_Get) for HallSpeedTicks_Get
    antipinch_serve.o(i.AntiPich) refers to speed_serve.o(i.AvrSpeedCurrentCalc) for AvrSpeedCurrentCalc
    antipinch_serve.o(i.AntiPich) refers to antipinch_serve.o(i.AntiZoneCheck) for AntiZoneCheck
    antipinch_serve.o(i.AntiPich) refers to antipinch_serve.o(i.APCurrentMonitor) for APCurrentMonitor
    antipinch_serve.o(i.AntiPich) refers to antipinch_serve.o(i.APSpeedMonitor) for APSpeedMonitor
    antipinch_serve.o(i.AntiPich) refers to motorcontol_serve.o(i.testap) for testap
    antipinch_serve.o(i.AntiPich) refers to antipinch_serve.o(.data) for StAPInput
    antipinch_serve.o(i.Get_PinchStatus) refers to antipinch_serve.o(.data) for PinchFlag
    antipinch_serve.o(i.Set_PinchFlag) refers to antipinch_serve.o(.data) for PinchFlag
    motorcontol_serve.o(i.AutoDown) refers to motorcontol_serve.o(i.Duty_AutoProcess) for Duty_AutoProcess
    motorcontol_serve.o(i.AutoDown) refers to motorcontol_serve.o(.data) for ptr_down
    motorcontol_serve.o(i.AutoUp) refers to motorcontol_serve.o(i.Duty_AutoProcess) for Duty_AutoProcess
    motorcontol_serve.o(i.AutoUp) refers to motorcontol_serve.o(.data) for ptr_up
    motorcontol_serve.o(i.DutyPattern) refers to ffltui.o(.text) for __aeabi_ui2f
    motorcontol_serve.o(i.DutyPattern) refers to fmul.o(.text) for __aeabi_fmul
    motorcontol_serve.o(i.DutyPattern) refers to fadd.o(.text) for __aeabi_fadd
    motorcontol_serve.o(i.DutyPattern) refers to motorcontol_serve.o(.data) for Duty_Pattern
    motorcontol_serve.o(i.Duty_AutoProcess) refers to interrupt_serve.o(i.WindowTravel_Get) for WindowTravel_Get
    motorcontol_serve.o(i.Duty_AutoProcess) refers to interrupt_serve.o(i.WindowPosition_Get) for WindowPosition_Get
    motorcontol_serve.o(i.Duty_AutoProcess) refers to position_serve.o(i.WindowZoneGet_Up) for WindowZoneGet_Up
    motorcontol_serve.o(i.Duty_AutoProcess) refers to position_serve.o(i.WindowZoneGet_Down) for WindowZoneGet_Down
    motorcontol_serve.o(i.Duty_AutoProcess) refers to motorcontol_serve.o(i.Zone1_Process) for Zone1_Process
    motorcontol_serve.o(i.Duty_AutoProcess) refers to motorcontol_serve.o(i.Zone2_Process) for Zone2_Process
    motorcontol_serve.o(i.Duty_AutoProcess) refers to cfcmple.o(.text) for __aeabi_cfcmpeq
    motorcontol_serve.o(i.Duty_AutoProcess) refers to position_serve.o(i.Distance_Get) for Distance_Get
    motorcontol_serve.o(i.Duty_AutoProcess) refers to ffltui.o(.text) for __aeabi_ui2f
[...]
    i.rt_timer_start                         0x11005278   Section        0  timer.o(i.rt_timer_start)
    i.rt_timer_stop                          0x110053b8   Section        0  timer.o(i.rt_timer_stop)
    i.rti_board_end                          0x110053e8   Section        0  components.o(i.rti_board_end)
    rti_board_end                            0x110053e9   Thumb Code     4  components.o(i.rti_board_end)
    i.rti_board_start                        0x110053ec   Section        0  components.o(i.rti_board_start)
    rti_board_start                          0x110053ed   Thumb Code     4  components.o(i.rti_board_start)
    i.rti_end                                0x110053f0   Section        0  components.o(i.rti_end)
    rti_end                                  0x110053f1   Thumb Code     4  components.o(i.rti_end)
    i.rti_start                              0x110053f4   Section        0  components.o(i.rti_start)
    rti_start                                0x110053f5   Thumb Code     4  components.o(i.rti_start)
    i.rtthread_startup                       0x110053f8   Section        0  components.o(i.rtthread_startup)
    i.set_configured_nad                     0x11005424   Section        0  lin_config.o(i.set_configured_nad)
    i.testap                                 0x11005430   Section        0  motorcontol_serve.o(i.testap)
    i.thread_data                            0x11005440   Section        0  main.o(i.thread_data)
    thread_data                              0x11005441   Thumb Code    32  main.o(i.thread_data)
    i.thread_motion                          0x11005468   Section        0  main.o(i.thread_motion)
    thread_motion                            0x11005469   Thumb Code    24  main.o(i.thread_motion)
    i.tl_data_init                           0x11005484   Section        0  lin_tl_protocol.o(i.tl_data_init)
    i.tl_get_rx_data                         0x110054bc   Section        0  lin_tl_protocol.o(i.tl_get_rx_data)
    i.tl_get_rx_length                       0x110054c8   Section        0  lin_tl_protocol.o(i.tl_get_rx_length)
    i.tl_memory_copy                         0x110054d4   Section        0  lin_tl_protocol.o(i.tl_memory_copy)
    i.tl_timer_task                          0x110054ec   Section        0  lin_tl_protocol.o(i.tl_timer_task)
    i.uart_isr                               0x11005534   Section        0  main.o(i.uart_isr)
    i.uds_set_diagnostic_mode                0x11005550   Section        0  lin_diagnostic_support.o(i.uds_set_diagnostic_mode)
    .constdata                               0x11005604   Section       96  lin_config.o(.constdata)
    .constdata                               0x11005664   Section       15  lin_diagnostic_service.o(.constdata)
    .constdata                               0x11005673   Section      290  kservice.o(.constdata)
    small_digits                             0x11005773   Data          17  kservice.o(.constdata)
    large_digits                             0x11005784   Data          17  kservice.o(.constdata)
    .rti_fn.0                                0x11005798   Section        4  components.o(.rti_fn.0)
    __tagsym$$used                           0x11005798   Number         0  components.o(.rti_fn.0)
    .rti_fn.0.end                            0x1100579c   Section        4  components.o(.rti_fn.0.end)
    __tagsym$$used                           0x1100579c   Number         0  components.o(.rti_fn.0.end)
    .rti_fn.1.end                            0x110057a0   Section        4  components.o(.rti_fn.1.end)
    __tagsym$$used                           0x110057a0   Number         0  components.o(.rti_fn.1.end)
    .rti_fn.6.end                            0x110057a4   Section        4  components.o(.rti_fn.6.end)
    __tagsym$$used                           0x110057a4   Number         0  components.o(.rti_fn.6.end)
    .data                                    0x18000000   Section        6  main.o(.data)
    .data                                    0x18000006   Section       36  parameters.o(.data)
    .data                                    0x1800002a   Section       28  antipinch_serve.o(.data)
    .data                                    0x18000048   Section       52  motorcontol_serve.o(.data)
    StopPosition                             0x1800004c   Data           2  motorcontol_serve.o(.data)
    ptr_up                                   0x18000070   Data           4  motorcontol_serve.o(.data)
    ptr_down                                 0x18000074   Data           4  motorcontol_serve.o(.data)
    .data                                    0x1800007c   Section        4  motorstalling_serve.o(.data)
    .data                                    0x18000080   Section       48  pifunc.o(.data)
    SpeedPI                                  0x18000080   Data          44  pifunc.o(.data)
    ptr                                      0x180000ac   Data           4  pifunc.o(.data)
    .data                                    0x180000b0   Section        4  position_serve.o(.data)
    WindowPositionMax                        0x180000b2   Data           2  position_serve.o(.data)
    .data                                    0x180000b4   Section       36  speed_serve.o(.data)
    OldestSpeed_Num                          0x180000b4   Data           1  speed_serve.o(.data)
    NewestSpeedPos_Rec                       0x180000b5   Data           1  speed_serve.o(.data)
    OldestError_Num                          0x180000c1   Data           1  speed_serve.o(.data)
    NewestErrorSpeedPos_Rec                  0x180000c2   Data           2  speed_serve.o(.data)
    OldestCurrent_Num                        0x180000ca   Data           1  speed_serve.o(.data)
    OldestFilterCurrent_Num                  0x180000d4   Data           1  speed_serve.o(.data)
    NewestCurrent_Pos                        0x180000d5   Data           1  speed_serve.o(.data)
    .data                                    0x180000d8   Section       16  applogic.o(.data)
    stallFlag                                0x180000d9   Data           1  applogic.o(.data)
    .data                                    0x180000e8   Section        8  key_serve.o(.data)
    .data                                    0x180000f0   Section       30  interrupt_serve.o(.data)
    Num                                      0x18000100   Data           1  interrupt_serve.o(.data)
    _Array                                   0x18000102   Data           8  interrupt_serve.o(.data)
    initdatacnt                              0x1800010a   Data           1  interrupt_serve.o(.data)
    initdatacnt1                             0x1800010b   Data           1  interrupt_serve.o(.data)
    .data                                    0x1800010e   Section        1  lin_serve.o(.data)
    .data                                    0x18000110   Section        6  myadc_serve.o(.data)
    .data                                    0x18000116   Section       88  lin_config.o(.data)
    lin_frame_ctr_buf                        0x1800011a   Data           8  lin_config.o(.data)
    lin_frame_st_buf                         0x18000122   Data           8  lin_config.o(.data)
    lin_frame_request_buf                    0x1800012a   Data           8  lin_config.o(.data)
    lin_frame_response_buf                   0x18000132   Data           8  lin_config.o(.data)
    lin_configured_NAD                       0x18000166   Data           1  lin_config.o(.data)
    lin_initial_NAD                          0x18000167   Data           1  lin_config.o(.data)
    .data                                    0x1800016e   Section        5  lin_diagnostic_service.o(.data)
    diag_request_nad                         0x1800016e   Data           1  lin_diagnostic_service.o(.data)
    diag_response_nad                        0x1800016f   Data           1  lin_diagnostic_service.o(.data)
    uds_rx_length                            0x18000170   Data           2  lin_diagnostic_service.o(.data)
    current_service_id                       0x18000172   Data           1  lin_diagnostic_service.o(.data)
    .data                                    0x18000174   Section       15  lin_diagnostic_support.o(.data)
    uds_reset_request_flag                   0x18000174   Data           1  lin_diagnostic_support.o(.data)
    uds_session                              0x18000175   Data           1  lin_diagnostic_support.o(.data)
    uds_session_remain_time                  0x18000176   Data           2  lin_diagnostic_support.o(.data)
    uds_request_reset                        0x18000178   Data           1  lin_diagnostic_support.o(.data)
    uds_reset_remain_time                    0x1800017a   Data           2  lin_diagnostic_support.o(.data)
    uds_secure_status                        0x1800017c   Data           1  lin_diagnostic_support.o(.data)
    uds_faa_cnt                              0x1800017d   Data           1  lin_diagnostic_support.o(.data)
    uds_faa_locked_remain_time               0x1800017e   Data           2  lin_diagnostic_support.o(.data)
    .data                                    0x18000184   Section       14  lin_hal.o(.data)
    lin_driver_state                         0x18000184   Data           1  lin_hal.o(.data)
    current_frame_id                         0x18000185   Data           1  lin_hal.o(.data)
    current_pid                              0x18000186   Data           1  lin_hal.o(.data)
    current_frame_length                     0x18000187   Data           1  lin_hal.o(.data)
    response_data_index                      0x18000188   Data           1  lin_hal.o(.data)
    frame_timeout_cnt                        0x1800018a   Data           2  lin_hal.o(.data)
    res_frame_timeout_cnt                    0x1800018c   Data           2  lin_hal.o(.data)
    idle_state_timeout_cnt                   0x1800018e   Data           2  lin_hal.o(.data)
    tx_wake_up_counter                       0x18000190   Data           1  lin_hal.o(.data)
    tx_wake_up_interval_time                 0x18000191   Data           1  lin_hal.o(.data)
    .data                                    0x18000194   Section       23  lin_il.o(.data)
    u8_diag_start_timer                      0x18000194   Data           1  lin_il.o(.data)
    ctr_frame_timeout_flg                    0x180001a8   Data           1  lin_il.o(.data)
    .data                                    0x180001ac   Section        4  gpt12e.o(.data)
    .data                                    0x180001b0   Section        8  uart.o(.data)
    .data                                    0x180001b8   Section        5  wdt1.o(.data)
    .data                                    0x180001c0   Section        4  board.o(.data)
    SystemCoreClock                          0x180001c0   Data           4  board.o(.data)
    .data                                    0x180001c4   Section       12  cpuport.o(.data)
    .data                                    0x180001d0   Section        4  clock.o(.data)
    rt_tick                                  0x180001d0   Data           4  clock.o(.data)
    .data                                    0x180001d4   Section        1  irq.o(.data)
    .data                                    0x180001d8   Section       64  object.o(.data)
    rt_object_container                      0x180001d8   Data          64  object.o(.data)
    .data                                    0x18000218   Section       24  scheduler.o(.data)
    rt_scheduler_lock_nest                   0x18000218   Data           2  scheduler.o(.data)
    .data                                    0x18000230   Section       20  timer.o(.data)
    rt_timer_list                            0x18000230   Data           8  timer.o(.data)
    rt_soft_timer_list                       0x18000238   Data           8  timer.o(.data)
    random_nr                                0x18000240   Data           4  timer.o(.data)
    .bss                                     0x18000248   Section      596  main.o(.bss)
    .bss                                     0x1800049c   Section       32  motorcontol_serve.o(.bss)
    .bss                                     0x180004bc   Section      306  speed_serve.o(.bss)
    AvrSpeed_Array                           0x180004bc   Data          24  speed_serve.o(.bss)
    AvrSpeedFilter_Array                     0x180004d4   Data          24  speed_serve.o(.bss)
    SpeedError_array                         0x180004ec   Data         192  speed_serve.o(.bss)
    Current_Array                            0x180005ac   Data          16  speed_serve.o(.bss)
    .bss                                     0x180005ee   Section        9  lin_config.o(.bss)
    .bss                                     0x180005f8   Section       54  lin_tl_protocol.o(.bss)
    .bss                                     0x18000630   Section      400  components.o(.bss)
    main_stack                               0x18000630   Data         256  components.o(.bss)
    .bss                                     0x180007c0   Section      272  idle.o(.bss)
    idle                                     0x180007c0   Data         144  idle.o(.bss)
    rt_thread_stack                          0x18000850   Data         128  idle.o(.bss)
    .bss                                     0x180008d0   Section      256  scheduler.o(.bss)
    .bss                                     0x180009d0   Section      456  timer.o(.bss)
    timer_thread                             0x180009d0   Data         144  timer.o(.bss)
    timer_thread_stack                       0x18000a60   Data         312  timer.o(.bss)
    STACK                                    0x18000b98   Section      768  startup_tle985x.o(STACK)

    Global Symbols

    Symbol Name                              Value     Ov Type        Size  Object(Section)

    BuildAttributes$$THM_ISAv3M$S$PE$A:L22$X:L11$S22$IEEE1$IW$USESV6$~STKCKD$USESV7$~SHL$OTIME$ROPI$EBA8$MICROLIB$REQ8$PRES8$EABIv2 0x00000000   Number         0  anon$$obj.o ABSOLUTE
    __ARM_use_no_argv                        0x00000000   Number         0  main.o ABSOLUTE
    __cpp_initialize__aeabi_                  - Undefined Weak Reference
    __cxa_finalize                            - Undefined Weak Reference
    _clock_init                               - Undefined Weak Reference
    _microlib_exit                            - Undefined Weak Reference
    __Vectors_Size                           0x000000a0   Number         0  startup_tle985x.o ABSOLUTE
    p_NACNAD                                 0x10fffffc   Data           4  system_tle985x.o(.ARM.__at_0x10FFFFFC)
    __Vectors                                0x11000000   Data           4  startup_tle985x.o(RESET)
    __Vectors_End                            0x110000a0   Data           0  startup_tle985x.o(RESET)
    __main                                   0x110000a1   Thumb Code     0  entry.o(.ARM.Collect$$$$00000000)
    _main_stk                                0x110000a1   Thumb Code     0  entry2.o(.ARM.Collect$$$$00000001)
    _main_scatterload                        0x110000a5   Thumb Code     0  entry5.o(.ARM.Collect$$$$00000004)
    __main_after_scatterload                 0x110000a9   Thumb Code     0  entry5.o(.ARM.Collect$$$$00000004)
    _main_clock                              0x110000a9   Thumb Code     0  entry7b.o(.ARM.Collect$$$$00000008)
    _main_cpp_init                           0x110000a9   Thumb Code     0  entry8b.o(.ARM.Collect$$$$0000000A)
    _main_init                               0x110000a9   Thumb Code     0  entry9a.o(.ARM.Collect$$$$0000000B)
    __rt_final_cpp                           0x110000b1   Thumb Code     0  entry10a.o(.ARM.Collect$$$$0000000D)
    __rt_final_exit                          0x110000b1   Thumb Code     0  entry11a.o(.ARM.Collect$$$$0000000F)
    Reset_Handler                            0x110000b5   Thumb Code     8  startup_tle985x.o(.text)
    NMI_Handler                              0x110000bd   Thumb Code     2  startup_tle985x.o(.text)
    MemManage_Handler                        0x110000c1   Thumb Code     2  startup_tle985x.o(.text)
    BusFault_Handler                         0x110000c3   Thumb Code     2  startup_tle985x.o(.text)
    UsageFault_Handler                       0x110000c5   Thumb Code     2  startup_tle985x.o(.text)
    SVC_Handler                              0x110000c7   Thumb Code     2  startup_tle985x.o(.text)
    DebugMon_Handler                         0x110000c9   Thumb Code     2  startup_tle985x.o(.text)
    ADC1_IRQHandler                          0x110000cf   Thumb Code     0  startup_tle985x.o(.text)
    ADC2_IRQHandler                          0x110000cf   Thumb Code     0  startup_tle985x.o(.text)
    BDRV_IRQHandler                          0x110000cf   Thumb Code     0  startup_tle985x.o(.text)
    CCU6SR0_IRQHandler                       0x110000cf   Thumb Code     0  startup_tle985x.o(.text)
    CCU6SR1_IRQHandler                       0x110000cf   Thumb Code     0  startup_tle985x.o(.text)
    CCU6SR2_IRQHandler                       0x110000cf   Thumb Code     0  startup_tle985x.o(.text)
    CCU6SR3_IRQHandler                       0x110000cf   Thumb Code     0  startup_tle985x.o(.text)
    CP_IRQHandler                            0x110000cf   Thumb Code     0  startup_tle985x.o(.text)
    CSA_IRQHandler                           0x110000cf   Thumb Code     0  startup_tle985x.o(.text)
    DIV_IRQHandler                           0x110000cf   Thumb Code     0  startup_tle985x.o(.text)
    DU1_IRQHandler                           0x110000cf   Thumb Code     0  startup_tle985x.o(.text)
    EXINT0_IRQHandler                        0x110000cf   Thumb Code     0  startup_tle985x.o(.text)
    EXINT1_IRQHandler                        0x110000cf   Thumb Code     0  startup_tle985x.o(.text)
    GPT2_IRQHandler                          0x110000cf   Thumb Code     0  startup_tle985x.o(.text)
    HS_IRQHandler                            0x110000cf   Thumb Code     0  startup_tle985x.o(.text)
    MONx_IRQHandler                          0x110000cf   Thumb Code     0  startup_tle985x.o(.text)
    PORT2_IRQHandler                         0x110000cf   Thumb Code     0  startup_tle985x.o(.text)
    SSC1_IRQHandler                          0x110000cf   Thumb Code     0  startup_tle985x.o(.text)
    SSC2_IRQHandler                          0x110000cf   Thumb Code     0  startup_tle985x.o(.text)
    UART2_IRQHandler                         0x110000cf   Thumb Code     0  startup_tle985x.o(.text)
    WAKEUP_IRQHandler                        0x110000cf   Thumb Code     0  startup_tle985x.o(.text)
    node16_IRQHandler                        0x110000cf   Thumb Code     0  startup_tle985x.o(.text)
    rt_hw_interrupt_disable                  0x110000d9   Thumb Code     8  context_rvds.o(.text)
    rt_hw_interrupt_enable                   0x110000e1   Thumb Code     6  context_rvds.o(.text)
    rt_hw_context_switch                     0x110000e7   Thumb Code    28  context_rvds.o(.text)
    rt_hw_context_switch_interrupt           0x110000e7   Thumb Code     0  context_rvds.o(.text)
    PendSV_Handler                           0x11000103   Thumb Code    84  context_rvds.o(.text)
    rt_hw_context_switch_to                  0x11000157   Thumb Code    44  context_rvds.o(.text)
    rt_hw_interrupt_thread_switch            0x11000183   Thumb Code     2  context_rvds.o(.text)
    HardFault_Handler                        0x11000185   Thumb Code    12  context_rvds.o(.text)
    __aeabi_uidiv                            0x110001b1   Thumb Code     0  uidiv.o(.text)
    __aeabi_uidivmod                         0x110001b1   Thumb Code    44  uidiv.o(.text)
    __aeabi_idiv                             0x110001dd   Thumb Code     0  idiv.o(.text)
    __aeabi_idivmod                          0x110001dd   Thumb Code    40  idiv.o(.text)
    __aeabi_fadd                             0x11000205   Thumb Code   162  fadd.o(.text)
    __aeabi_fsub                             0x110002a7   Thumb Code     8  fadd.o(.text)
    __aeabi_frsub                            0x110002af   Thumb Code     8  fadd.o(.text)
    __aeabi_fmul                             0x110002b7   Thumb Code   122  fmul.o(.text)
    __aeabi_fdiv                             0x11000331   Thumb Code   124  fdiv.o(.text)
    __aeabi_dadd                             0x110003ad   Thumb Code   328  dadd.o(.text)
    __aeabi_dsub                             0x110004f5   Thumb Code    12  dadd.o(.text)
    __aeabi_drsub                            0x11000501   Thumb Code    12  dadd.o(.text)
    __aeabi_dmul                             0x11000511   Thumb Code   202  dmul.o(.text)
    __aeabi_ddiv                             0x110005e1   Thumb Code   234  ddiv.o(.text)
    __aeabi_i2f                              0x110006d1   Thumb Code    22  fflti.o(.text)
    __aeabi_ui2f                             0x110006e7   Thumb Code    14  ffltui.o(.text)
    __aeabi_f2uiz                            0x110006f5   Thumb Code    40  ffixui.o(.text)
    __aeabi_d2uiz                            0x1100071d   Thumb Code    50  dfixui.o(.text)
    __aeabi_f2d                              0x11000759   Thumb Code    40  f2d.o(.text)
    __aeabi_cdcmpeq                          0x11000781   Thumb Code     0  cdcmple.o(.text)
    __aeabi_cdcmple                          0x11000781   Thumb Code    38  cdcmple.o(.text)
    __aeabi_cdrcmple                         0x110007a9   Thumb Code    38  cdrcmple.o(.text)
    __aeabi_d2f                              0x110007d1   Thumb Code    56  d2f.o(.text)
    __aeabi_cfcmpeq                          0x11000809   Thumb Code     0  cfcmple.o(.text)
    __aeabi_cfcmple                          0x11000809   Thumb Code    20  cfcmple.o(.text)
    __aeabi_cfrcmple                         0x1100081d   Thumb Code    20  cfrcmple.o(.text)
    __aeabi_llsl                             0x11000831   Thumb Code    32  llshl.o(.text)
    _ll_shift_l                              0x11000831   Thumb Code     0  llshl.o(.text)
    __aeabi_llsr                             0x11000851   Thumb Code    34  llushr.o(.text)
    _ll_ushift_r                             0x11000851   Thumb Code     0  llushr.o(.text)
    __aeabi_lasr                             0x11000873   Thumb Code    38  llsshr.o(.text)
    _ll_sshift_r                             0x11000873   Thumb Code     0  llsshr.o(.text)
    __I$use$fp                               0x11000899   Thumb Code     0  iusefp.o(.text)
    _float_round                             0x11000899   Thumb Code    16  fepilogue.o(.text)
    _float_epilogue                          0x110008a9   Thumb Code   114  fepilogue.o(.text)
    _double_round                            0x1100091b   Thumb Code    26  depilogue.o(.text)
    _double_epilogue                         0x11000935   Thumb Code   164  depilogue.o(.text)
    __scatterload                            0x110009d9   Thumb Code    28  init.o(.text)
    __scatterload_rt2                        0x110009d9   Thumb Code     0  init.o(.text)
    __decompress                             0x110009fd   Thumb Code     0  __dczerorl2.o(.text)
    __decompress1                            0x110009fd   Thumb Code    86  __dczerorl2.o(.text)
    main                                     0x11000a53   Thumb Code    10  components.o(i.$Sub$$main)
    ADC1_GetChAttFactor                      0x11000a5d   Thumb Code    32  adc1.o(i.ADC1_GetChAttFactor)
    ADC1_GetChResult                         0x11000a89   Thumb Code    80  adc1.o(i.ADC1_GetChResult)
    ADC1_GetChResult_mV                      0x11000ae1   Thumb Code    62  adc1.o(i.ADC1_GetChResult_mV)
    ADC1_Init                                0x11000b21   Thumb Code   338  adc1.o(i.ADC1_Init)
    ADC2_Init                                0x11000c99   Thumb Code    56  adc2.o(i.ADC2_Init)
    AdcKeyMonitor                            0x11000e41   Thumb Code   116  myadc_serve.o(i.AdcKeyMonitor)
    AntiPich                                 0x11000eb9   Thumb Code    86  antipinch_serve.o(i.AntiPich)
    AvrSpeedCurrentCalc                      0x11001215   Thumb Code    44  speed_serve.o(i.AvrSpeedCurrentCalc)
    BDRV_Init                                0x11001241   Thumb Code   222  bdrv.o(i.BDRV_Init)
    BDRV_Set_Bridge                          0x11001351   Thumb Code    36  bdrv.o(i.BDRV_Set_Bridge)
    CCU6_Init                                0x11001379   Thumb Code   138  ccu6.o(i.CCU6_Init)
    Delay_us                                 0x11001531   Thumb Code   210  wdt1.o(i.Delay_us)
    Distance_Get                             0x1100160d   Thumb Code    26  position_serve.o(i.Distance_Get)
    DutySet_RealDownDir                      0x11001659   Thumb Code    12  pwm_serve.o(i.DutySet_RealDownDir)
    DutySet_RealUpDir                        0x11001665   Thumb Code    12  pwm_serve.o(i.DutySet_RealUpDir)
    GPT12E_Init                              0x1100181d   Thumb Code    56  gpt12e.o(i.GPT12E_Init)
    GPT1_IRQHandler                          0x1100186d   Thumb Code    70  isr.o(i.GPT1_IRQHandler)
    Get_MotorAction                          0x110018b9   Thumb Code     6  applogic.o(i.Get_MotorAction)
    Get_PinchStatus                          0x110018c5   Thumb Code     6  antipinch_serve.o(i.Get_PinchStatus)
    HBridgePWM_Off                           0x110018d1   Thumb Code    64  pwm_serve.o(i.HBridgePWM_Off)
    HallSpeedSignal_StatusGet                0x11001941   Thumb Code    12  interrupt_serve.o(i.HallSpeedSignal_StatusGet)
    HallSpeedTicks_Get                       0x11001951   Thumb Code     6  interrupt_serve.o(i.HallSpeedTicks_Get)
    HallSpeed_T2Call                         0x11001981   Thumb Code    28  interrupt_serve.o(i.HallSpeed_T2Call)
    INT_Init                                 0x110019fd   Thumb Code    98  int.o(i.INT_Init)
    ISR_HallProcess                          0x11001a81   Thumb Code   108  interrupt_serve.o(i.ISR_HallProcess)
    InitStepSet                              0x11001afd   Thumb Code     6  position_serve.o(i.InitStepSet)
    KeyStatus_Set                            0x11001b09   Thumb Code    16  key_serve.o(i.KeyStatus_Set)
    Key_AnalogMonitor                        0x11001b21   Thumb Code    28  key_serve.o(i.Key_AnalogMonitor)
    LINCmdDeal                               0x11001b45   Thumb Code    90  lin_serve.o(i.LINCmdDeal)
    LIN_Init                                 0x11001bad   Thumb Code    74  lin.o(i.LIN_Init)
    MethodCountFilter                        0x11001cf5   Thumb Code    36  method_serve.o(i.MethodCountFilter)
    MethodMiddleFilter                       0x11001d19   Thumb Code    86  method_serve.o(i.MethodMiddleFilter)
    Motion_Control                           0x11001d71   Thumb Code    88  motorcontol_serve.o(i.Motion_Control)
    MotorCommnads_Update                     0x11001dcd   Thumb Code    74  applogic.o(i.MotorCommnads_Update)
    MotorStalling_StatusGet                  0x11001e3d   Thumb Code    28  motorstalling_serve.o(i.MotorStalling_StatusGet)
    PIParams_Reset                           0x11001ed1   Thumb Code    12  pifunc.o(i.PIParams_Reset)
    PI_SpeedController                       0x11001ee1   Thumb Code   166  pifunc.o(i.PI_SpeedController)
    PMU_Init                                 0x11001f99   Thumb Code    60  pmu.o(i.PMU_Init)
    PORT_Init                                0x11001fdd   Thumb Code   154  port.o(i.PORT_Init)
    PWMDuty_Get                              0x1100207d   Thumb Code     6  motorcontol_serve.o(i.PWMDuty_Get)
    PopCurrentData                           0x11002101   Thumb Code    40  speed_serve.o(i.PopCurrentData)
    PopiFarrayData                           0x11002131   Thumb Code    40  speed_serve.o(i.PopiFarrayData)
    PosParas_Init                            0x11002161   Thumb Code   114  position_serve.o(i.PosParas_Init)
    SCU_ClkInit                              0x11002229   Thumb Code   632  scu.o(i.SCU_ClkInit)
    SCU_Init                                 0x110024b1   Thumb Code    76  scu.o(i.SCU_Init)
    Set_PinchFlag                            0x110026a5   Thumb Code     8  antipinch_serve.o(i.Set_PinchFlag)
    SoftStopInit                             0x110026b1   Thumb Code    66  position_serve.o(i.SoftStopInit)
    SysTick_Handler                          0x110027a1   Thumb Code    34  board.o(i.SysTick_Handler)
    SysTick_Init                             0x110027c9   Thumb Code    54  wdt1.o(i.SysTick_Init)
    SystemCoreClockUpdate                    0x11002809   Thumb Code    42  board.o(i.SystemCoreClockUpdate)
    SystemInit                               0x11002839   Thumb Code    72  system_tle985x.o(i.SystemInit)
    TLE_Init                                 0x11002885   Thumb Code    52  tle_device.o(i.TLE_Init)
    UART1_IRQHandler                         0x110028b9   Thumb Code    68  isr.o(i.UART1_IRQHandler)
    UART1_Init                               0x11002905   Thumb Code    30  uart.o(i.UART1_Init)
    UART2_Init                               0x11002931   Thumb Code    30  uart.o(i.UART2_Init)
    WDT1_Init                                0x11002b05   Thumb Code    18  wdt1.o(i.WDT1_Init)
    WDT1_Service                             0x11002b25   Thumb Code    44  wdt1.o(i.WDT1_Service)
    WindowPosition_Get                       0x11002b61   Thumb Code     6  interrupt_serve.o(i.WindowPosition_Get)
    WindowPosition_Set                       0x11002b6d   Thumb Code     6  interrupt_serve.o(i.WindowPosition_Set)
    WindowStopPos_Get                        0x11002b79   Thumb Code     6  motorcontol_serve.o(i.WindowStopPos_Get)
    WindowTravel_Get                         0x11002b85   Thumb Code     6  interrupt_serve.o(i.WindowTravel_Get)
    WindowTravel_Set                         0x11002b91   Thumb Code     6  interrupt_serve.o(i.WindowTravel_Set)
    WindowZoneGet_Down                       0x11002bcd   Thumb Code    80  position_serve.o(i.WindowZoneGet_Down)
    WindowZoneGet_Up                         0x11002c21   Thumb Code    80  position_serve.o(i.WindowZoneGet_Up)
    __ARM_clz                                0x11002e7d   Thumb Code    46  depilogue.o(i.__ARM_clz)
    __ARM_common_switch8                     0x11002eab   Thumb Code    28  key_serve.o(i.__ARM_common_switch8)
    __rt_ffs                                 0x11002f41   Thumb Code    86  kservice.o(i.__rt_ffs)
    __scatterload_copy                       0x11002f9d   Thumb Code    14  handlers.o(i.__scatterload_copy)
    __scatterload_null                       0x11002fab   Thumb Code     2  handlers.o(i.__scatterload_null)
    __scatterload_zeroinit                   0x11002fad   Thumb Code    14  handlers.o(i.__scatterload_zeroinit)
    diag_negative_response                   0x110030c9   Thumb Code    34  lin_diagnostic_support.o(i.diag_negative_response)
    diag_no_response                         0x110030f1   Thumb Code    10  lin_diagnostic_support.o(i.diag_no_response)
    diag_transmit_response_msg               0x11003101   Thumb Code    16  lin_diagnostic_support.o(i.diag_transmit_response_msg)
    frame_do_nothing                         0x11003111   Thumb Code     2  lin_il.o(i.frame_do_nothing)
    frame_pack_st                            0x11003115   Thumb Code    24  lin_il.o(i.frame_pack_st)
    frame_unpack_ctr                         0x11003135   Thumb Code    30  lin_il.o(i.frame_unpack_ctr)
    get_configured_nad                       0x11003161   Thumb Code     6  lin_config.o(i.get_configured_nad)
    get_initial_nad                          0x1100316d   Thumb Code     6  lin_config.o(i.get_initial_nad)
    get_reset_request_flg                    0x11003179   Thumb Code     6  lin_diagnostic_support.o(i.get_reset_request_flg)
    get_response_nad                         0x11003185   Thumb Code     6  lin_diagnostic_service.o(i.get_response_nad)
    lin_checksum                             0x11003191   Thumb Code    54  lin_protocol.o(i.lin_checksum)
    lin_configration_identification_service  0x110031c9   Thumb Code   136  lin_diagnostic_service.o(i.lin_configration_identification_service)
    lin_diag_request_dispose                 0x11003805   Thumb Code   164  lin_diagnostic_service.o(i.lin_diag_request_dispose)
    lin_goto_idle_state                      0x110038b9   Thumb Code    14  lin_hal.o(i.lin_goto_idle_state)
    lin_handle_error                         0x110038d5   Thumb Code    66  lin_protocol.o(i.lin_handle_error)
    lin_period_handle                        0x1100391d   Thumb Code   278  lin_il.o(i.lin_period_handle)
    lin_process_id                           0x11003a45   Thumb Code   230  lin_protocol.o(i.lin_process_id)
    lin_process_parity                       0x11003b41   Thumb Code    78  lin_protocol.o(i.lin_process_parity)
    lin_rx_diag_frame                        0x11003b91   Thumb Code    78  lin_il.o(i.lin_rx_diag_frame)
    lin_sci_init                             0x11003bed   Thumb Code   198  lin_hal.o(i.lin_sci_init)
    lin_sci_rx_data                          0x11003cc5   Thumb Code   372  lin_hal.o(i.lin_sci_rx_data)
    lin_sci_rx_isr                           0x11003e65   Thumb Code   210  lin_hal.o(i.lin_sci_rx_isr)
    lin_sci_rx_response                      0x11003f61   Thumb Code    18  lin_hal.o(i.lin_sci_rx_response)
    lin_sci_timeout                          0x11003f81   Thumb Code   226  lin_hal.o(i.lin_sci_timeout)
    lin_sci_tx_response                      0x11004091   Thumb Code    36  lin_hal.o(i.lin_sci_tx_response)
    lin_tl_error_handle                      0x110040c9   Thumb Code    52  lin_tl_protocol.o(i.lin_tl_error_handle)
    lin_tl_rx_handler                        0x110040fd   Thumb Code   424  lin_tl_protocol.o(i.lin_tl_rx_handler)
    lin_tl_tx_task                           0x110042ad   Thumb Code   416  lin_tl_protocol.o(i.lin_tl_tx_task)
    lin_tx_response_msg                      0x11004455   Thumb Code    76  lin_tl_protocol.o(i.lin_tx_response_msg)
    lin_update_rx                            0x110044a5   Thumb Code   174  lin_protocol.o(i.lin_update_rx)
    lin_update_tx                            0x11004569   Thumb Code    70  lin_protocol.o(i.lin_update_tx)
    $Super$$main                             0x110045bd   Thumb Code   124  main.o(i.main)
    main_thread_entry                        0x11004689   Thumb Code    14  components.o(i.main_thread_entry)
    put_reset_request_flg                    0x11004699   Thumb Code     6  lin_diagnostic_support.o(i.put_reset_request_flg)
    rt_application_init                      0x110046a5   Thumb Code    44  components.o(i.rt_application_init)
    rt_components_board_init                 0x110046e5   Thumb Code    20  components.o(i.rt_components_board_init)
    rt_components_init                       0x11004701   Thumb Code    20  components.o(i.rt_components_init)
    rt_enter_critical                        0x1100471d   Thumb Code    28  scheduler.o(i.rt_enter_critical)
    rt_event_init                            0x1100473d   Thumb Code    32  ipc.o(i.rt_event_init)
    rt_exit_critical                         0x1100475d   Thumb Code    64  scheduler.o(i.rt_exit_critical)
    rt_hw_board_init                         0x110047a5   Thumb Code    34  board.o(i.rt_hw_board_init)
    rt_hw_hard_fault_exception               0x110047cd   Thumb Code     4  cpuport.o(i.rt_hw_hard_fault_exception)
    rt_hw_stack_init                         0x110047d1   Thumb Code    58  cpuport.o(i.rt_hw_stack_init)
    rt_interrupt_enter                       0x11004811   Thumb Code    26  irq.o(i.rt_interrupt_enter)
    rt_interrupt_leave                       0x11004831   Thumb Code    26  irq.o(i.rt_interrupt_leave)
    rt_memset                                0x1100492b   Thumb Code    76  kservice.o(i.rt_memset)
    rt_object_detach                         0x11004977   Thumb Code    44  object.o(i.rt_object_detach)
    rt_object_get_information                0x110049a5   Thumb Code    32  object.o(i.rt_object_get_information)
    rt_object_init                           0x110049c9   Thumb Code    94  object.o(i.rt_object_init)
    rt_object_is_systemobject                0x11004a27   Thumb Code    20  object.o(i.rt_object_is_systemobject)
    rt_schedule                              0x11004a3d   Thumb Code   106  scheduler.o(i.rt_schedule)
    rt_schedule_insert_thread                0x11004ac1   Thumb Code    74  scheduler.o(i.rt_schedule_insert_thread)
    rt_schedule_remove_thread                0x11004b15   Thumb Code    78  scheduler.o(i.rt_schedule_remove_thread)
    rt_sem_init                              0x11004b6d   Thumb Code    34  ipc.o(i.rt_sem_init)
    rt_sem_release                           0x11004b8f   Thumb Code    68  ipc.o(i.rt_sem_release)
    rt_sem_take                              0x11004bd3   Thumb Code   120  ipc.o(i.rt_sem_take)
    rt_show_version                          0x11004c4b   Thumb Code     2  kservice.o(i.rt_show_version)
    rt_soft_timer_check                      0x11004c4d   Thumb Code   122  timer.o(i.rt_soft_timer_check)
    rt_strncpy                               0x11004cd1   Thumb Code    56  kservice.o(i.rt_strncpy)
    rt_system_scheduler_init                 0x11004d09   Thumb Code    52  scheduler.o(i.rt_system_scheduler_init)
    rt_system_scheduler_start                0x11004d55   Thumb Code    36  scheduler.o(i.rt_system_scheduler_start)
    rt_system_timer_init                     0x11004d85   Thumb Code    24  timer.o(i.rt_system_timer_init)
    rt_system_timer_thread_init              0x11004da1   Thumb Code    60  timer.o(i.rt_system_timer_thread_init)
    rt_thread_delay                          0x11004df5   Thumb Code    12  thread.o(i.rt_thread_delay)
    rt_thread_exit                           0x11004e01   Thumb Code    80  thread.o(i.rt_thread_exit)
    rt_thread_idle_excute                    0x11004e61   Thumb Code   130  idle.o(i.rt_thread_idle_excute)
    rt_thread_idle_init                      0x11004ee9   Thumb Code    38  idle.o(i.rt_thread_idle_init)
    rt_thread_init                           0x11004f25   Thumb Code    44  thread.o(i.rt_thread_init)
    rt_thread_resume                         0x11004f51   Thumb Code    60  thread.o(i.rt_thread_resume)
    rt_thread_self                           0x11004f8d   Thumb Code     6  thread.o(i.rt_thread_self)
    rt_thread_sleep                          0x11004f99   Thumb Code    62  thread.o(i.rt_thread_sleep)
    rt_thread_startup                        0x11004fdd   Thumb Code    48  thread.o(i.rt_thread_startup)
    rt_thread_suspend                        0x1100500d   Thumb Code    68  thread.o(i.rt_thread_suspend)
    rt_thread_timeout                        0x11005051   Thumb Code    32  thread.o(i.rt_thread_timeout)
    rt_thread_yield                          0x110050b9   Thumb Code    92  thread.o(i.rt_thread_yield)
    rt_tick_get                              0x1100511d   Thumb Code     6  clock.o(i.rt_tick_get)
    rt_tick_increase                         0x11005129   Thumb Code    44  clock.o(i.rt_tick_increase)
    rt_timer_check                           0x11005159   Thumb Code   120  timer.o(i.rt_timer_check)
    rt_timer_control                         0x110051d9   Thumb Code    60  timer.o(i.rt_timer_control)
    rt_timer_detach                          0x11005215   Thumb Code    32  timer.o(i.rt_timer_detach)
    rt_timer_init                            0x11005235   Thumb Code    38  timer.o(i.rt_timer_init)
    rt_timer_start                           0x11005279   Thumb Code   298  timer.o(i.rt_timer_start)
    rt_timer_stop                            0x110053b9   Thumb Code    48  timer.o(i.rt_timer_stop)
    rtthread_startup                         0x110053f9   Thumb Code    42  components.o(i.rtthread_startup)
    set_configured_nad                       0x11005425   Thumb Code     6  lin_config.o(i.set_configured_nad)
    testap                                   0x11005431   Thumb Code    14  motorcontol_serve.o(i.testap)
    tl_data_init                             0x11005485   Thumb Code    52  lin_tl_protocol.o(i.tl_data_init)
    tl_get_rx_data                           0x110054bd   Thumb Code     8  lin_tl_protocol.o(i.tl_get_rx_data)
    tl_get_rx_length                         0x110054c9   Thumb Code     6  lin_tl_protocol.o(i.tl_get_rx_length)
    tl_memory_copy                           0x110054d5   Thumb Code    24  lin_tl_protocol.o(i.tl_memory_copy)
    tl_timer_task                            0x110054ed   Thumb Code    66  lin_tl_protocol.o(i.tl_timer_task)
    uart_isr                                 0x11005535   Thumb Code    22  main.o(i.uart_isr)
    uds_set_diagnostic_mode                  0x11005551   Thumb Code   160  lin_diagnostic_support.o(i.uds_set_diagnostic_mode)
    lin_frame_cfg_array                      0x11005604   Data          48  lin_config.o(.constdata)
    lin_frame_timeout_val_19200              0x11005634   Data          16  lin_config.o(.constdata)
    lin_frame_timeout_val_9600               0x11005644   Data          16  lin_config.o(.constdata)
    lin_frame_timeout_val_4800               0x11005654   Data          16  lin_config.o(.constdata)
    part_number_geely                        0x11005664   Data           8  lin_diagnostic_service.o(.constdata)
    part_number_volvo                        0x1100566c   Data           7  lin_diagnostic_service.o(.constdata)
    __lowest_bit_bitmap                      0x11005673   Data         256  kservice.o(.constdata)
    __rt_init_rti_start                      0x11005798   Data           4  components.o(.rti_fn.0)
    __rt_init_rti_board_start                0x1100579c   Data           4  components.o(.rti_fn.0.end)
    __rt_init_rti_board_end                  0x110057a0   Data           4  components.o(.rti_fn.1.end)
    __rt_init_rti_end                        0x110057a4   Data           4  components.o(.rti_fn.6.end)
    Region$$Table$$Base                      0x110057a8   Number         0  anon$$obj.o(Region$$Table)
    Region$$Table$$Limit                     0x110057c8   Number         0  anon$$obj.o(Region$$Table)
    cnt                                      0x18000000   Data           2  main.o(.data)
    flag                                     0x18000002   Data           1  main.o(.data)
    cnt1                                     0x18000004   Data           2  main.o(.data)
    UpDirConfig                              0x18000006   Data          10  parameters.o(.data)
    DownDirConfig                            0x18000010   Data          10  parameters.o(.data)
    UP_Pos                                   0x1800001a   Data           8  parameters.o(.data)
    Down_Pos                                 0x18000022   Data           8  parameters.o(.data)
    StAPSpeed                                0x1800002a   Data           8  antipinch_serve.o(.data)
    StAPCurrent                              0x18000032   Data           8  antipinch_serve.o(.data)
    PinchFlag                                0x1800003a   Data           1  antipinch_serve.o(.data)
    ApSpeedSum                               0x1800003c   Data           2  antipinch_serve.o(.data)
    sumI                                     0x1800003e   Data           2  antipinch_serve.o(.data)
    StAPInput                                0x18000040   Data           6  antipinch_serve.o(.data)
    Duty_Pattern                             0x18000048   Data           4  motorcontol_serve.o(.data)
    Up_Paras                                 0x18000050   Data          32  motorcontol_serve.o(.data)
    DutyWatch                                0x18000078   Data           4  motorcontol_serve.o(.data)
    StMotorStallFilter                       0x1800007c   Data           4  motorstalling_serve.o(.data)
    InitStep                                 0x180000b0   Data           1  position_serve.o(.data)
    Temp_Speed                               0x180000b6   Data           2  speed_serve.o(.data)
    Speedfilter                              0x180000b8   Data           2  speed_serve.o(.data)
    Speedfilter1                             0x180000ba   Data           2  speed_serve.o(.data)
    Buffer_4                                 0x180000bc   Data           2  speed_serve.o(.data)
    Speedfilter2                             0x180000be   Data           2  speed_serve.o(.data)
    speedspace                               0x180000c0   Data           1  speed_serve.o(.data)
    Buffer_1                                 0x180000c4   Data           2  speed_serve.o(.data)
    Buffer_2                                 0x180000c6   Data           2  speed_serve.o(.data)
    Buffer_3                                 0x180000c8   Data           2  speed_serve.o(.data)
    R_reverse                                0x180000cc   Data           4  speed_serve.o(.data)
    Ke                                       0x180000d0   Data           4  speed_serve.o(.data)
    filterc                                  0x180000d6   Data           2  speed_serve.o(.data)
    MotorAction                              0x180000d8   Data           1  applogic.o(.data)
    PinchEventCompleteFlag                   0x180000da   Data           1  applogic.o(.data)
    APWindowTime1                            0x180000dc   Data           4  applogic.o(.data)
    APWindowTime2                            0x180000e0   Data           4  applogic.o(.data)
    Auto_upDisable                           0x180000e4   Data           1  applogic.o(.data)
    ApState                                  0x180000e5   Data           1  applogic.o(.data)
    AntiOverrideFlag                         0x180000e6   Data           1  applogic.o(.data)
    APWindowTime2sOut                        0x180000e7   Data           1  applogic.o(.data)
    StKeyFilter                              0x180000e8   Data           4  key_serve.o(.data)
    StKeyLogic                               0x180000ec   Data           4  key_serve.o(.data)
    Hall                                     0x180000f0   Data          16  interrupt_serve.o(.data)
    tteqt1                                   0x1800010c   Data           2  interrupt_serve.o(.data)
    SwitchLinCmd                             0x1800010e   Data           1  lin_serve.o(.data)
    StADCValue                               0x18000110   Data           6  myadc_serve.o(.data)
    lin_word_status                          0x18000116   Data           2  lin_config.o(.data)
    lin_goto_sleep_flg                       0x18000118   Data           1  lin_config.o(.data)
    lin_mute_flg                             0x18000119   Data           1  lin_config.o(.data)
    lin_frame_cfg_id                         0x1800013a   Data           4  lin_config.o(.data)
    lin_frame_buf_array                      0x1800013e   Data          24  lin_config.o(.data)
    lin_frame_timeout_val                    0x18000156   Data          16  lin_config.o(.data)
    product_id                               0x18000168   Data           6  lin_config.o(.data)
    uds_prog_request                         0x18000180   Data           1  lin_diagnostic_support.o(.data)
    uds_faa_flag                             0x18000181   Data           1  lin_diagnostic_support.o(.data)
    uds_fail_seed_key_rcnt                   0x18000182   Data           1  lin_diagnostic_support.o(.data)
    rx_data                                  0x18000198   Data           8  lin_il.o(.data)
    tx_data                                  0x180001a0   Data           8  lin_il.o(.data)
    err_frame_sent_flg                       0x180001a9   Data           1  lin_il.o(.data)
    st_frame_sent_flg                        0x180001aa   Data           1  lin_il.o(.data)
    Sys_Frequency                            0x180001ac   Data           4  gpt12e.o(.data)
    uart1                                    0x180001b0   Data           4  uart.o(.data)
    uart2                                    0x180001b4   Data           4  uart.o(.data)
    WD_Counter                               0x180001b8   Data           4  wdt1.o(.data)
    bSOWactive                               0x180001bc   Data           1  wdt1.o(.data)
    rt_interrupt_from_thread                 0x180001c4   Data           4  cpuport.o(.data)
    rt_interrupt_to_thread                   0x180001c8   Data           4  cpuport.o(.data)
    rt_thread_switch_interrupt_flag          0x180001cc   Data           4  cpuport.o(.data)
    rt_interrupt_nest                        0x180001d4   Data           1  irq.o(.data)
    rt_current_thread                        0x1800021c   Data           4  scheduler.o(.data)
    rt_current_priority                      0x18000220   Data           1  scheduler.o(.data)
    rt_thread_ready_priority_group           0x18000224   Data           4  scheduler.o(.data)
    rt_thread_defunct                        0x18000228   Data           8  scheduler.o(.data)
    threadmotor                              0x18000248   Data         144  main.o(.bss)
    threadmotor_stack                        0x180002d8   Data         320  main.o(.bss)
    sem_hall                                 0x18000418   Data          40  main.o(.bss)
    timer1                                   0x18000440   Data          52  main.o(.bss)
    MotorEvent                               0x18000474   Data          40  main.o(.bss)
    Down_Paras                               0x1800049c   Data          32  motorcontol_serve.o(.bss)
    FilterCurrent_Array                      0x180005bc   Data          50  speed_serve.o(.bss)
    lin_driver_response_buffer               0x180005ee   Data           9  lin_config.o(.bss)
    lin_tl_data                              0x180005f8   Data          54  lin_tl_protocol.o(.bss)
    main_thread                              0x18000730   Data         144  components.o(.bss)
    rt_thread_priority_table                 0x180008d0   Data         256  scheduler.o(.bss)
    __initial_sp                             0x18000e98   Data           0  startup_tle985x.o(STACK)



==============================================================================

Memory Map of the image

  Image Entry point : 0x110000a1

  Load Region LR_IROM1 (Base: 0x11000000, Size: 0x00005a0c, Max: 0x0000f000, ABSOLUTE, COMPRESSED[0x00005874])

    Execution Region ER_IROM1 (Exec base: 0x11000000, Load base: 0x11000000, Size: 0x000057c8, Max: 0x0000f000, ABSOLUTE)

    Exec Addr    Load Addr    Size         Type   Attr      Idx    E Section Name        Object

    0x11000000   0x11000000   0x000000a0   Data   RO         1932    RESET               startup_tle985x.o
    0x110000a0   0x110000a0   0x00000000   Code   RO         2949  * .ARM.Collect$$$$00000000  mc_p.l(entry.o)
    0x110000a0   0x110000a0   0x00000004   Code   RO         2992    .ARM.Collect$$$$00000001  mc_p.l(entry2.o)
    0x110000a4   0x110000a4   0x00000004   Code   RO         2995    .ARM.Collect$$$$00000004  mc_p.l(entry5.o)
    0x110000a8   0x110000a8   0x00000000   Code   RO         2997    .ARM.Collect$$$$00000008  mc_p.l(entry7b.o)
    0x110000a8   0x110000a8   0x00000000   Code   RO         2999    .ARM.Collect$$$$0000000A  mc_p.l(entry8b.o)
    0x110000a8   0x110000a8   0x00000008   Code   RO         3000    .ARM.Collect$$$$0000000B  mc_p.l(entry9a.o)
    0x110000b0   0x110000b0   0x00000000   Code   RO         3002    .ARM.Collect$$$$0000000D  mc_p.l(entry10a.o)
    0x110000b0   0x110000b0   0x00000000   Code   RO         3004    .ARM.Collect$$$$0000000F  mc_p.l(entry11a.o)
    0x110000b0   0x110000b0   0x00000004   Code   RO         2993    .ARM.Collect$$$$00002712  mc_p.l(entry2.o)
    0x110000b4   0x110000b4   0x00000024   Code   RO         1933    .text               startup_tle985x.o
    0x110000d8   0x110000d8   0x000000d8   Code   RO         2161    .text               context_rvds.o
    0x110001b0   0x110001b0   0x0000002c   Code   RO         2952    .text               mc_p.l(uidiv.o)
    0x110001dc   0x110001dc   0x00000028   Code   RO         2954    .text               mc_p.l(idiv.o)
    0x11000204   0x11000204   0x000000b2   Code   RO         2960    .text               mf_p.l(fadd.o)
    0x110002b6   0x110002b6   0x0000007a   Code   RO         2962    .text               mf_p.l(fmul.o)
    0x11000330   0x11000330   0x0000007c   Code   RO         2964    .text               mf_p.l(fdiv.o)
    0x110003ac   0x110003ac   0x00000164   Code   RO         2966    .text               mf_p.l(dadd.o)
    0x11000510   0x11000510   0x000000d0   Code   RO         2968    .text               mf_p.l(dmul.o)
    0x110005e0   0x110005e0   0x000000f0   Code   RO         2970    .text               mf_p.l(ddiv.o)
    0x110006d0   0x110006d0   0x00000016   Code   RO         2972    .text               mf_p.l(fflti.o)
    0x110006e6   0x110006e6   0x0000000e   Code   RO         2974    .text               mf_p.l(ffltui.o)
    0x110006f4   0x110006f4   0x00000028   Code   RO         2976    .text               mf_p.l(ffixui.o)
    0x1100071c   0x1100071c   0x0000003c   Code   RO         2978    .text               mf_p.l(dfixui.o)
    0x11000758   0x11000758   0x00000028   Code   RO         2980    .text               mf_p.l(f2d.o)
    0x11000780   0x11000780   0x00000028   Code   RO         2982    .text               mf_p.l(cdcmple.o)
    0x110007a8   0x110007a8   0x00000028   Code   RO         2984    .text               mf_p.l(cdrcmple.o)
    0x110007d0   0x110007d0   0x00000038   Code   RO         2986    .text               mf_p.l(d2f.o)
    0x11000808   0x11000808   0x00000014   Code   RO         2988    .text               mf_p.l(cfcmple.o)
    0x1100081c   0x1100081c   0x00000014   Code   RO         2990    .text               mf_p.l(cfrcmple.o)
    0x11000830   0x11000830   0x00000020   Code   RO         3006    .text               mc_p.l(llshl.o)
    0x11000850   0x11000850   0x00000022   Code   RO         3008    .text               mc_p.l(llushr.o)
    0x11000872   0x11000872   0x00000026   Code   RO         3010    .text               mc_p.l(llsshr.o)
    0x11000898   0x11000898   0x00000000   Code   RO         3012    .text               mc_p.l(iusefp.o)
    0x11000898   0x11000898   0x00000082   Code   RO         3013    .text               mf_p.l(fepilogue.o)
    0x1100091a   0x1100091a   0x000000be   Code   RO         3015    .text               mf_p.l(depilogue.o)
    0x110009d8   0x110009d8   0x00000024   Code   RO         3019    .text               mc_p.l(init.o)
    0x110009fc   0x110009fc   0x00000056   Code   RO         3029    .text               mc_p.l(__dczerorl2.o)
    0x11000a52   0x11000a52   0x0000000a   Code   RO         2231    i.$Sub$$main        components.o
    0x11000a5c   0x11000a5c   0x0000002c   Code   RO         1392    i.ADC1_GetChAttFactor  adc1.o
    0x11000a88   0x11000a88   0x00000058   Code   RO         1393    i.ADC1_GetChResult  adc1.o
    0x11000ae0   0x11000ae0   0x0000003e   Code   RO         1394    i.ADC1_GetChResult_mV  adc1.o
    0x11000b1e   0x11000b1e   0x00000002   PAD
    0x11000b20   0x11000b20   0x00000178   Code   RO         1397    i.ADC1_Init         adc1.o
    0x11000c98   0x11000c98   0x0000004c   Code   RO         1478    i.ADC2_Init         adc2.o
    0x11000ce4   0x11000ce4   0x00000074   Code   RO          215    i.APCurrentMonitor  antipinch_serve.o
    0x11000d58   0x11000d58   0x00000078   Code   RO          533    i.APProcess         applogic.o
    0x11000dd0   0x11000dd0   0x00000070   Code   RO          216    i.APSpeedMonitor    antipinch_serve.o
    0x11000e40   0x11000e40   0x00000078   Code   RO          822    i.AdcKeyMonitor     myadc_serve.o
    0x11000eb8   0x11000eb8   0x00000068   Code   RO          217    i.AntiPich          antipinch_serve.o
    0x11000f20   0x11000f20   0x0000001c   Code   RO          218    i.AntiZoneCheck     antipinch_serve.o
    0x11000f3c   0x11000f3c   0x00000128   Code   RO          534    i.Anti_Override     applogic.o
    0x11001064   0x11001064   0x00000010   Code   RO          265    i.AutoDown          motorcontol_serve.o
    0x11001074   0x11001074   0x00000010   Code   RO          266    i.AutoUp            motorcontol_serve.o
    0x11001084   0x11001084   0x000000a4   Code   RO          660    i.AvrCalc           interrupt_serve.o
    0x11001128   0x11001128   0x000000ec   Code   RO          478    i.AvrSpeedCalc      speed_serve.o
    0x11001214   0x11001214   0x0000002c   Code   RO          479    i.AvrSpeedCurrentCalc  speed_serve.o
    0x11001240   0x11001240   0x00000110   Code   RO         1509    i.BDRV_Init         bdrv.o
    0x11001350   0x11001350   0x00000028   Code   RO         1511    i.BDRV_Set_Bridge   bdrv.o
    0x11001378   0x11001378   0x00000094   Code   RO         1610    i.CCU6_Init         ccu6.o
    0x1100140c   0x1100140c   0x00000124   Code   RO          480    i.CurrentCalc       speed_serve.o
    0x11001530   0x11001530   0x000000dc   Code   RO         2044    i.Delay_us          wdt1.o
    0x1100160c   0x1100160c   0x00000024   Code   RO          430    i.Distance_Get      position_serve.o
    0x11001630   0x11001630   0x00000028   Code   RO          267    i.DutyPattern       motorcontol_serve.o
    0x11001658   0x11001658   0x0000000c   Code   RO          750    i.DutySet_RealDownDir  pwm_serve.o
    0x11001664   0x11001664   0x0000000c   Code   RO          751    i.DutySet_RealUpDir  pwm_serve.o
    0x11001670   0x11001670   0x000000ac   Code   RO          268    i.Duty_AutoProcess  motorcontol_serve.o
    0x1100171c   0x1100171c   0x00000054   Code   RO          269    i.Duty_ManualProcess  motorcontol_serve.o
    0x11001770   0x11001770   0x000000ac   Code   RO          481    i.ErrorAvrSpeedCalc  speed_serve.o
    0x1100181c   0x1100181c   0x00000050   Code   RO         1639    i.GPT12E_Init       gpt12e.o
    0x1100186c   0x1100186c   0x0000004c   Code   RO         1712    i.GPT1_IRQHandler   isr.o
    0x110018b8   0x110018b8   0x0000000c   Code   RO          535    i.Get_MotorAction   applogic.o
    0x110018c4   0x110018c4   0x0000000c   Code   RO          219    i.Get_PinchStatus   antipinch_serve.o
    0x110018d0   0x110018d0   0x00000048   Code   RO          752    i.HBridgePWM_Off    pwm_serve.o
    0x11001918   0x11001918   0x00000028   Code   RO          661    i.HallMonitor       interrupt_serve.o
    0x11001940   0x11001940   0x00000010   Code   RO          662    i.HallSpeedSignal_StatusGet  interrupt_serve.o
    0x11001950   0x11001950   0x0000000c   Code   RO          663    i.HallSpeedTicks_Get  interrupt_serve.o
    0x1100195c   0x1100195c   0x00000024   Code   RO          664    i.HallSpeedTicks_Reset  interrupt_serve.o
    0x11001980   0x11001980   0x00000024   Code   RO          665    i.HallSpeed_T2Call  interrupt_serve.o
    0x110019a4   0x110019a4   0x00000058   Code   RO         2103    i.HardwareInit      board.o
    0x110019fc   0x110019fc   0x00000084   Code   RO         1686    i.INT_Init          int.o
    0x11001a80   0x11001a80   0x0000007c   Code   RO          666    i.ISR_HallProcess   interrupt_serve.o
    0x11001afc   0x11001afc   0x0000000c   Code   RO          431    i.InitStepSet       position_serve.o
    0x11001b08   0x11001b08   0x00000018   Code   RO          610    i.KeyStatus_Set     key_serve.o
    0x11001b20   0x11001b20   0x00000024   Code   RO          611    i.Key_AnalogMonitor  key_serve.o
    0x11001b44   0x11001b44   0x00000068   Code   RO          805    i.LINCmdDeal        lin_serve.o
    0x11001bac   0x11001bac   0x00000054   Code   RO         1783    i.LIN_Init          lin.o
    0x11001c00   0x11001c00   0x000000d4   Code   RO          612    i.LocalKeyLogic     key_serve.o
    0x11001cd4   0x11001cd4   0x00000010   Code   RO          270    i.ManualDown        motorcontol_serve.o
    0x11001ce4   0x11001ce4   0x00000010   Code   RO          271    i.ManualUp          motorcontol_serve.o
    0x11001cf4   0x11001cf4   0x00000024   Code   RO          585    i.MethodCountFilter  method_serve.o
    0x11001d18   0x11001d18   0x00000056   Code   RO          586    i.MethodMiddleFilter  method_serve.o
    0x11001d6e   0x11001d6e   0x00000002   PAD
    0x11001d70   0x11001d70   0x0000005c   Code   RO          272    i.Motion_Control    motorcontol_serve.o
    0x11001dcc   0x11001dcc   0x00000050   Code   RO          536    i.MotorCommnads_Update  applogic.o
    0x11001e1c   0x11001e1c   0x00000020   Code   RO          381    i.MotorStalling_Monitor  motorstalling_serve.o
    0x11001e3c   0x11001e3c   0x00000020   Code   RO          382    i.MotorStalling_StatusGet  motorstalling_serve.o
    0x11001e5c   0x11001e5c   0x00000012   Code   RO          273    i.MotorStop         motorcontol_serve.o
    0x11001e6e   0x11001e6e   0x00000062   Code   RO          405    i.PIFunc_Calc       pifunc.o
    0x11001ed0   0x11001ed0   0x00000010   Code   RO          406    i.PIParams_Reset    pifunc.o
    0x11001ee0   0x11001ee0   0x000000b8   Code   RO          407    i.PI_SpeedController  pifunc.o
    0x11001f98   0x11001f98   0x00000044   Code   RO         1812    i.PMU_Init          pmu.o
    0x11001fdc   0x11001fdc   0x000000a0   Code   RO         1846    i.PORT_Init         port.o
    0x1100207c   0x1100207c   0x0000000c   Code   RO          274    i.PWMDuty_Get       motorcontol_serve.o
    0x11002088   0x11002088   0x00000078   Code   RO          275    i.ParamsInit_Running  motorcontol_serve.o
    0x11002100   0x11002100   0x00000030   Code   RO          482    i.PopCurrentData    speed_serve.o
    0x11002130   0x11002130   0x00000030   Code   RO          483    i.PopiFarrayData    speed_serve.o
    0x11002160   0x11002160   0x00000088   Code   RO          432    i.PosParas_Init     position_serve.o
    0x110021e8   0x110021e8   0x0000001e   Code   RO          276    i.ResolutionCalc    motorcontol_serve.o
    0x11002206   0x11002206   0x00000022   Code   RO          277    i.Resolution_Set    motorcontol_serve.o
    0x11002228   0x11002228   0x00000288   Code   RO         1898    i.SCU_ClkInit       scu.o
    0x110024b0   0x110024b0   0x00000050   Code   RO         1899    i.SCU_Init          scu.o
    0x11002500   0x11002500   0x000000cc   Code   RO          753    i.SetPWM_Duty_DownDir  pwm_serve.o
    0x110025cc   0x110025cc   0x000000d8   Code   RO          754    i.SetPWM_Duty_UpDir  pwm_serve.o
    0x110026a4   0x110026a4   0x0000000c   Code   RO          220    i.Set_PinchFlag     antipinch_serve.o
    0x110026b0   0x110026b0   0x0000004c   Code   RO          433    i.SoftStopInit      position_serve.o
    0x110026fc   0x110026fc   0x00000050   Code   RO          537    i.SoftStopProcess   applogic.o
    0x1100274c   0x1100274c   0x00000054   Code   RO          538    i.StallingProcess   applogic.o
    0x110027a0   0x110027a0   0x00000028   Code   RO         2104    i.SysTick_Handler   board.o
    0x110027c8   0x110027c8   0x00000040   Code   RO         2045    i.SysTick_Init      wdt1.o
    0x11002808   0x11002808   0x00000030   Code   RO         2105    i.SystemCoreClockUpdate  board.o
    0x11002838   0x11002838   0x0000004c   Code   RO         1939    i.SystemInit        system_tle985x.o
    0x11002884   0x11002884   0x00000034   Code   RO         1971    i.TLE_Init          tle_device.o
    0x110028b8   0x110028b8   0x0000004c   Code   RO         1713    i.UART1_IRQHandler  isr.o
    0x11002904   0x11002904   0x0000002c   Code   RO         1998    i.UART1_Init        uart.o
    0x11002930   0x11002930   0x0000002c   Code   RO         2000    i.UART2_Init        uart.o
    0x1100295c   0x1100295c   0x000001a8   Code   RO          278    i.VoltRef_PWMDuty   motorcontol_serve.o
    0x11002b04   0x11002b04   0x00000020   Code   RO         2046    i.WDT1_Init         wdt1.o
    0x11002b24   0x11002b24   0x0000003c   Code   RO         2048    i.WDT1_Service      wdt1.o
    0x11002b60   0x11002b60   0x0000000c   Code   RO          667    i.WindowPosition_Get  interrupt_serve.o
    0x11002b6c   0x11002b6c   0x0000000c   Code   RO          668    i.WindowPosition_Set  interrupt_serve.o
    0x11002b78   0x11002b78   0x0000000c   Code   RO          279    i.WindowStopPos_Get  motorcontol_serve.o
    0x11002b84   0x11002b84   0x0000000c   Code   RO          669    i.WindowTravel_Get  interrupt_serve.o
    0x11002b90   0x11002b90   0x0000000c   Code   RO          670    i.WindowTravel_Set  interrupt_serve.o
    0x11002b9c   0x11002b9c   0x00000030   Code   RO          539    i.WindowZoneCheck   applogic.o
    0x11002bcc   0x11002bcc   0x00000054   Code   RO          434    i.WindowZoneGet_Down  position_serve.o
    0x11002c20   0x11002c20   0x00000054   Code   RO          435    i.WindowZoneGet_Up  position_serve.o
    0x11002c74   0x11002c74   0x000000a0   Code   RO          280    i.Zone1_Process     motorcontol_serve.o
    0x11002d14   0x11002d14   0x00000084   Code   RO          281    i.Zone2_Process     motorcontol_serve.o
    0x11002d98   0x11002d98   0x00000098   Code   RO          282    i.Zone3_Process     motorcontol_serve.o
    0x11002e30   0x11002e30   0x0000004c   Code   RO         2106    i._SysTick_Config   board.o
    0x11002e7c   0x11002e7c   0x0000002e   Code   RO         3017    i.__ARM_clz         mf_p.l(depilogue.o)
    0x11002eaa   0x11002eaa   0x0000001c   Code   RO          644    i.__ARM_common_switch8  key_serve.o
    0x11002ec6   0x11002ec6   0x00000002   PAD
    0x11002ec8   0x11002ec8   0x00000078   Code   RO         1100    i.__NVIC_SetPriority  lin_hal.o
    0x11002f40   0x11002f40   0x0000005c   Code   RO         2467    i.__rt_ffs          kservice.o
    0x11002f9c   0x11002f9c   0x0000000e   Code   RO         3023    i.__scatterload_copy  mc_p.l(handlers.o)
    0x11002faa   0x11002faa   0x00000002   Code   RO         3024    i.__scatterload_null  mc_p.l(handlers.o)
    0x11002fac   0x11002fac   0x0000000e   Code   RO         3025    i.__scatterload_zeroinit  mc_p.l(handlers.o)
    0x11002fba   0x11002fba   0x00000002   PAD
    0x11002fbc   0x11002fbc   0x00000014   Code   RO         2300    i._has_defunct_thread  idle.o
    0x11002fd0   0x11002fd0   0x0000008c   Code   RO         2733    i._rt_thread_init   thread.o
    0x1100305c   0x1100305c   0x0000003c   Code   RO         2842    i._rt_timer_init    timer.o
    0x11003098   0x11003098   0x0000002e   Code   RO         2843    i._rt_timer_remove  timer.o
    0x110030c6   0x110030c6   0x00000002   PAD
    0x110030c8   0x110030c8   0x00000028   Code   RO         1006    i.diag_negative_response  lin_diagnostic_support.o
    0x110030f0   0x110030f0   0x00000010   Code   RO         1007    i.diag_no_response  lin_diagnostic_support.o
    0x11003100   0x11003100   0x00000010   Code   RO         1009    i.diag_transmit_response_msg  lin_diagnostic_support.o
    0x11003110   0x11003110   0x00000002   Code   RO         1185    i.frame_do_nothing  lin_il.o
    0x11003112   0x11003112   0x00000002   PAD
    0x11003114   0x11003114   0x00000020   Code   RO         1186    i.frame_pack_st     lin_il.o
    0x11003134   0x11003134   0x0000002c   Code   RO         1187    i.frame_unpack_ctr  lin_il.o
    0x11003160   0x11003160   0x0000000c   Code   RO          858    i.get_configured_nad  lin_config.o
    0x1100316c   0x1100316c   0x0000000c   Code   RO          859    i.get_initial_nad   lin_config.o
    0x11003178   0x11003178   0x0000000c   Code   RO         1010    i.get_reset_request_flg  lin_diagnostic_support.o
    0x11003184   0x11003184   0x0000000c   Code   RO          903    i.get_response_nad  lin_diagnostic_service.o
    0x11003190   0x11003190   0x00000036   Code   RO         1241    i.lin_checksum      lin_protocol.o
    0x110031c6   0x110031c6   0x00000002   PAD
    0x110031c8   0x110031c8   0x00000090   Code   RO          904    i.lin_configration_identification_service  lin_diagnostic_service.o
    0x11003258   0x11003258   0x00000094   Code   RO          905    i.lin_diag_10_service  lin_diagnostic_service.o
    0x110032ec   0x110032ec   0x000001b8   Code   RO          906    i.lin_diag_22_service  lin_diagnostic_service.o
    0x110034a4   0x110034a4   0x0000008c   Code   RO          907    i.lin_diag_2E_service  lin_diagnostic_service.o
    0x11003530   0x11003530   0x00000074   Code   RO          908    i.lin_diag_3E_service  lin_diagnostic_service.o
    0x110035a4   0x110035a4   0x00000080   Code   RO          909    i.lin_diag_B0_service  lin_diagnostic_service.o
    0x11003624   0x11003624   0x00000014   Code   RO          910    i.lin_diag_B1_service  lin_diagnostic_service.o
    0x11003638   0x11003638   0x000000b8   Code   RO          911    i.lin_diag_B2_service  lin_diagnostic_service.o
    0x110036f0   0x110036f0   0x00000014   Code   RO          912    i.lin_diag_B3_service  lin_diagnostic_service.o
    0x11003704   0x11003704   0x00000014   Code   RO          913    i.lin_diag_B4_service  lin_diagnostic_service.o
    0x11003718   0x11003718   0x00000014   Code   RO          914    i.lin_diag_B5_service  lin_diagnostic_service.o
    0x1100372c   0x1100372c   0x00000014   Code   RO          915    i.lin_diag_B6_service  lin_diagnostic_service.o
    0x11003740   0x11003740   0x000000c4   Code   RO          916    i.lin_diag_B7_service  lin_diagnostic_service.o
    0x11003804   0x11003804   0x000000b4   Code   RO          917    i.lin_diag_request_dispose  lin_diagnostic_service.o
    0x110038b8   0x110038b8   0x0000001c   Code   RO         1101    i.lin_goto_idle_state  lin_hal.o
    0x110038d4   0x110038d4   0x00000048   Code   RO         1243    i.lin_handle_error  lin_protocol.o
    0x1100391c   0x1100391c   0x00000128   Code   RO         1189    i.lin_period_handle  lin_il.o
    0x11003a44   0x11003a44   0x000000fc   Code   RO         1244    i.lin_process_id    lin_protocol.o
    0x11003b40   0x11003b40   0x0000004e   Code   RO         1245    i.lin_process_parity  lin_protocol.o
    0x11003b8e   0x11003b8e   0x00000002   PAD
    0x11003b90   0x11003b90   0x0000005c   Code   RO         1190    i.lin_rx_diag_frame  lin_il.o
    0x11003bec   0x11003bec   0x000000d8   Code   RO         1104    i.lin_sci_init      lin_hal.o
    0x11003cc4   0x11003cc4   0x000001a0   Code   RO         1105    i.lin_sci_rx_data   lin_hal.o
    0x11003e64   0x11003e64   0x000000fc   Code   RO         1106    i.lin_sci_rx_isr    lin_hal.o
    0x11003f60   0x11003f60   0x00000020   Code   RO         1107    i.lin_sci_rx_response  lin_hal.o
    0x11003f80   0x11003f80   0x00000110   Code   RO         1108    i.lin_sci_timeout   lin_hal.o
    0x11004090   0x11004090   0x00000038   Code   RO         1109    i.lin_sci_tx_response  lin_hal.o
    0x110040c8   0x110040c8   0x00000034   Code   RO         1295    i.lin_tl_error_handle  lin_tl_protocol.o
    0x110040fc   0x110040fc   0x000001b0   Code   RO         1296    i.lin_tl_rx_handler  lin_tl_protocol.o
    0x110042ac   0x110042ac   0x000001a8   Code   RO         1297    i.lin_tl_tx_task    lin_tl_protocol.o
    0x11004454   0x11004454   0x00000050   Code   RO         1298    i.lin_tx_response_msg  lin_tl_protocol.o
    0x110044a4   0x110044a4   0x000000c4   Code   RO         1246    i.lin_update_rx     lin_protocol.o
    0x11004568   0x11004568   0x00000054   Code   RO         1247    i.lin_update_tx     lin_protocol.o
    0x110045bc   0x110045bc   0x000000cc   Code   RO            3    i.main              main.o
    0x11004688   0x11004688   0x0000000e   Code   RO         2232    i.main_thread_entry  components.o
    0x11004696   0x11004696   0x00000002   PAD
    0x11004698   0x11004698   0x0000000c   Code   RO         1011    i.put_reset_request_flg  lin_diagnostic_support.o
    0x110046a4   0x110046a4   0x00000040   Code   RO         2233    i.rt_application_init  components.o
    0x110046e4   0x110046e4   0x0000001c   Code   RO         2234    i.rt_components_board_init  components.o
    0x11004700   0x11004700   0x0000001c   Code   RO         2235    i.rt_components_init  components.o
    0x1100471c   0x1100471c   0x00000020   Code   RO         2667    i.rt_enter_critical  scheduler.o
    0x1100473c   0x1100473c   0x00000020   Code   RO         2342    i.rt_event_init     ipc.o
    0x1100475c   0x1100475c   0x00000048   Code   RO         2668    i.rt_exit_critical  scheduler.o
    0x110047a4   0x110047a4   0x00000028   Code   RO         2107    i.rt_hw_board_init  board.o
    0x110047cc   0x110047cc   0x00000004   Code   RO         2166    i.rt_hw_hard_fault_exception  cpuport.o
    0x110047d0   0x110047d0   0x00000040   Code   RO         2167    i.rt_hw_stack_init  cpuport.o
    0x11004810   0x11004810   0x00000020   Code   RO         2440    i.rt_interrupt_enter  irq.o
    0x11004830   0x11004830   0x00000020   Code   RO         2442    i.rt_interrupt_leave  irq.o
    0x11004850   0x11004850   0x00000062   Code   RO         2346    i.rt_ipc_list_suspend  ipc.o
    0x110048b2   0x110048b2   0x00000010   Code   RO         2347    i.rt_ipc_object_init  ipc.o
    0x110048c2   0x110048c2   0x00000006   Code   RO         2669    i.rt_list_init      scheduler.o
    0x110048c8   0x110048c8   0x00000006   Code   RO         2844    i.rt_list_init      timer.o
    0x110048ce   0x110048ce   0x0000000e   Code   RO         2734    i.rt_list_insert_after  thread.o
    0x110048dc   0x110048dc   0x0000000e   Code   RO         2845    i.rt_list_insert_after  timer.o
    0x110048ea   0x110048ea   0x0000000e   Code   RO         2348    i.rt_list_insert_before  ipc.o
    0x110048f8   0x110048f8   0x00000010   Code   RO         2349    i.rt_list_isempty   ipc.o
    0x11004908   0x11004908   0x00000010   Code   RO         2846    i.rt_list_isempty   timer.o
    0x11004918   0x11004918   0x00000012   Code   RO         2735    i.rt_list_remove    thread.o
    0x1100492a   0x1100492a   0x0000004c   Code   RO         2474    i.rt_memset         kservice.o
    0x11004976   0x11004976   0x0000002c   Code   RO         2613    i.rt_object_detach  object.o
    0x110049a2   0x110049a2   0x00000002   PAD
    0x110049a4   0x110049a4   0x00000024   Code   RO         2615    i.rt_object_get_information  object.o
    0x110049c8   0x110049c8   0x0000005e   Code   RO         2617    i.rt_object_init    object.o
    0x11004a26   0x11004a26   0x00000014   Code   RO         2618    i.rt_object_is_systemobject  object.o
    0x11004a3a   0x11004a3a   0x00000002   PAD
    0x11004a3c   0x11004a3c   0x00000084   Code   RO         2670    i.rt_schedule       scheduler.o
    0x11004ac0   0x11004ac0   0x00000054   Code   RO         2671    i.rt_schedule_insert_thread  scheduler.o
    0x11004b14   0x11004b14   0x00000058   Code   RO         2672    i.rt_schedule_remove_thread  scheduler.o
    0x11004b6c   0x11004b6c   0x00000022   Code   RO         2352    i.rt_sem_init       ipc.o
    0x11004b8e   0x11004b8e   0x00000044   Code   RO         2353    i.rt_sem_release    ipc.o
    0x11004bd2   0x11004bd2   0x00000078   Code   RO         2354    i.rt_sem_take       ipc.o
    0x11004c4a   0x11004c4a   0x00000002   Code   RO         2476    i.rt_show_version   kservice.o
    0x11004c4c   0x11004c4c   0x00000084   Code   RO         2847    i.rt_soft_timer_check  timer.o
    0x11004cd0   0x11004cd0   0x00000038   Code   RO         2483    i.rt_strncpy        kservice.o
    0x11004d08   0x11004d08   0x0000004c   Code   RO         2673    i.rt_system_scheduler_init  scheduler.o
    0x11004d54   0x11004d54   0x00000030   Code   RO         2674    i.rt_system_scheduler_start  scheduler.o
    0x11004d84   0x11004d84   0x0000001c   Code   RO         2848    i.rt_system_timer_init  timer.o
    0x11004da0   0x11004da0   0x00000054   Code   RO         2849    i.rt_system_timer_thread_init  timer.o
    0x11004df4   0x11004df4   0x0000000c   Code   RO         2737    i.rt_thread_delay   thread.o
    0x11004e00   0x11004e00   0x00000058   Code   RO         2739    i.rt_thread_exit    thread.o
    0x11004e58   0x11004e58   0x00000008   Code   RO         2301    i.rt_thread_idle_entry  idle.o
    0x11004e60   0x11004e60   0x00000088   Code   RO         2302    i.rt_thread_idle_excute  idle.o
    0x11004ee8   0x11004ee8   0x0000003c   Code   RO         2304    i.rt_thread_idle_init  idle.o
    0x11004f24   0x11004f24   0x0000002c   Code   RO         2741    i.rt_thread_init    thread.o
    0x11004f50   0x11004f50   0x0000003c   Code   RO         2743    i.rt_thread_resume  thread.o
    0x11004f8c   0x11004f8c   0x0000000c   Code   RO         2744    i.rt_thread_self    thread.o
    0x11004f98   0x11004f98   0x00000044   Code   RO         2745    i.rt_thread_sleep   thread.o
    0x11004fdc   0x11004fdc   0x00000030   Code   RO         2746    i.rt_thread_startup  thread.o
    0x1100500c   0x1100500c   0x00000044   Code   RO         2747    i.rt_thread_suspend  thread.o
    0x11005050   0x11005050   0x00000020   Code   RO         2748    i.rt_thread_timeout  thread.o
    0x11005070   0x11005070   0x00000048   Code   RO         2850    i.rt_thread_timer_entry  timer.o
    0x110050b8   0x110050b8   0x00000064   Code   RO         2749    i.rt_thread_yield   thread.o
    0x1100511c   0x1100511c   0x0000000c   Code   RO         2195    i.rt_tick_get       clock.o
    0x11005128   0x11005128   0x00000030   Code   RO         2196    i.rt_tick_increase  clock.o
    0x11005158   0x11005158   0x00000080   Code   RO         2851    i.rt_timer_check    timer.o
    0x110051d8   0x110051d8   0x0000003c   Code   RO         2852    i.rt_timer_control  timer.o
    0x11005214   0x11005214   0x00000020   Code   RO         2853    i.rt_timer_detach   timer.o
    0x11005234   0x11005234   0x00000026   Code   RO         2854    i.rt_timer_init     timer.o
    0x1100525a   0x1100525a   0x0000001e   Code   RO         2855    i.rt_timer_list_next_timeout  timer.o
    0x11005278   0x11005278   0x00000140   Code   RO         2857    i.rt_timer_start    timer.o
    0x110053b8   0x110053b8   0x00000030   Code   RO         2858    i.rt_timer_stop     timer.o
    0x110053e8   0x110053e8   0x00000004   Code   RO         2236    i.rti_board_end     components.o
    0x110053ec   0x110053ec   0x00000004   Code   RO         2237    i.rti_board_start   components.o
    0x110053f0   0x110053f0   0x00000004   Code   RO         2238    i.rti_end           components.o
    0x110053f4   0x110053f4   0x00000004   Code   RO         2239    i.rti_start         components.o
    0x110053f8   0x110053f8   0x0000002a   Code   RO         2240    i.rtthread_startup  components.o
    0x11005422   0x11005422   0x00000002   PAD
    0x11005424   0x11005424   0x0000000c   Code   RO          860    i.set_configured_nad  lin_config.o
    0x11005430   0x11005430   0x0000000e   Code   RO          283    i.testap            motorcontol_serve.o
    0x1100543e   0x1100543e   0x00000002   PAD
    0x11005440   0x11005440   0x00000028   Code   RO            4    i.thread_data       main.o
    0x11005468   0x11005468   0x0000001c   Code   RO            5    i.thread_motion     main.o
    0x11005484   0x11005484   0x00000038   Code   RO         1299    i.tl_data_init      lin_tl_protocol.o
    0x110054bc   0x110054bc   0x0000000c   Code   RO         1300    i.tl_get_rx_data    lin_tl_protocol.o
    0x110054c8   0x110054c8   0x0000000c   Code   RO         1301    i.tl_get_rx_length  lin_tl_protocol.o
    0x110054d4   0x110054d4   0x00000018   Code   RO         1302    i.tl_memory_copy    lin_tl_protocol.o
    0x110054ec   0x110054ec   0x00000048   Code   RO         1303    i.tl_timer_task     lin_tl_protocol.o
    0x11005534   0x11005534   0x0000001c   Code   RO            6    i.uart_isr          main.o
    0x11005550   0x11005550   0x000000b4   Code   RO         1019    i.uds_set_diagnostic_mode  lin_diagnostic_support.o
    0x11005604   0x11005604   0x00000060   Data   RO          863    .constdata          lin_config.o
    0x11005664   0x11005664   0x0000000f   Data   RO          918    .constdata          lin_diagnostic_service.o
    0x11005673   0x11005673   0x00000122   Data   RO         2489    .constdata          kservice.o
    0x11005795   0x11005795   0x00000003   PAD
    0x11005798   0x11005798   0x00000004   Data   RO         2242    .rti_fn.0           components.o
    0x1100579c   0x1100579c   0x00000004   Data   RO         2243    .rti_fn.0.end       components.o
    0x110057a0   0x110057a0   0x00000004   Data   RO         2244    .rti_fn.1.end       components.o
    0x110057a4   0x110057a4   0x00000004   Data   RO         2245    .rti_fn.6.end       components.o
    0x110057a8   0x110057a8   0x00000020   Data   RO         3021    Region$$Table       anon$$obj.o


    Execution Region RW_IRAM1 (Exec base: 0x18000000, Load base: 0x110057c8, Size: 0x00000e98, Max: 0x00001000, ABSOLUTE, COMPRESSED[0x000000ac])

    Exec Addr    Load Addr    Size         Type   Attr      Idx    E Section Name        Object

    0x18000000   COMPRESSED   0x00000006   Data   RW            8    .data               main.o
    0x18000006   COMPRESSED   0x00000024   Data   RW          204    .data               parameters.o
    0x1800002a   COMPRESSED   0x0000001c   Data   RW          221    .data               antipinch_serve.o
    0x18000046   COMPRESSED   0x00000002   PAD
    0x18000048   COMPRESSED   0x00000034   Data   RW          285    .data               motorcontol_serve.o
    0x1800007c   COMPRESSED   0x00000004   Data   RW          383    .data               motorstalling_serve.o
    0x18000080   COMPRESSED   0x00000030   Data   RW          408    .data               pifunc.o
    0x180000b0   COMPRESSED   0x00000004   Data   RW          436    .data               position_serve.o
    0x180000b4   COMPRESSED   0x00000024   Data   RW          485    .data               speed_serve.o
    0x180000d8   COMPRESSED   0x00000010   Data   RW          540    .data               applogic.o
    0x180000e8   COMPRESSED   0x00000008   Data   RW          613    .data               key_serve.o
    0x180000f0   COMPRESSED   0x0000001e   Data   RW          671    .data               interrupt_serve.o
    0x1800010e   COMPRESSED   0x00000001   Data   RW          806    .data               lin_serve.o
    0x1800010f   COMPRESSED   0x00000001   PAD
    0x18000110   COMPRESSED   0x00000006   Data   RW          824    .data               myadc_serve.o
    0x18000116   COMPRESSED   0x00000058   Data   RW          864    .data               lin_config.o
    0x1800016e   COMPRESSED   0x00000005   Data   RW          919    .data               lin_diagnostic_service.o
    0x18000173   COMPRESSED   0x00000001   PAD
    0x18000174   COMPRESSED   0x0000000f   Data   RW         1020    .data               lin_diagnostic_support.o
    0x18000183   COMPRESSED   0x00000001   PAD
    0x18000184   COMPRESSED   0x0000000e   Data   RW         1111    .data               lin_hal.o
    0x18000192   COMPRESSED   0x00000002   PAD
    0x18000194   COMPRESSED   0x00000017   Data   RW         1192    .data               lin_il.o
    0x180001ab   COMPRESSED   0x00000001   PAD
    0x180001ac   COMPRESSED   0x00000004   Data   RW         1642    .data               gpt12e.o
    0x180001b0   COMPRESSED   0x00000008   Data   RW         2001    .data               uart.o
    0x180001b8   COMPRESSED   0x00000005   Data   RW         2050    .data               wdt1.o
    0x180001bd   COMPRESSED   0x00000003   PAD
    0x180001c0   COMPRESSED   0x00000004   Data   RW         2108    .data               board.o
    0x180001c4   COMPRESSED   0x0000000c   Data   RW         2168    .data               cpuport.o
    0x180001d0   COMPRESSED   0x00000004   Data   RW         2198    .data               clock.o
    0x180001d4   COMPRESSED   0x00000001   Data   RW         2443    .data               irq.o
    0x180001d5   COMPRESSED   0x00000003   PAD
    0x180001d8   COMPRESSED   0x00000040   Data   RW         2620    .data               object.o
    0x18000218   COMPRESSED   0x00000018   Data   RW         2676    .data               scheduler.o
    0x18000230   COMPRESSED   0x00000014   Data   RW         2860    .data               timer.o
    0x18000244   COMPRESSED   0x00000004   PAD
    0x18000248        -       0x00000254   Zero   RW            7    .bss                main.o
    0x1800049c        -       0x00000020   Zero   RW          284    .bss                motorcontol_serve.o
    0x180004bc        -       0x00000132   Zero   RW          484    .bss                speed_serve.o
    0x180005ee        -       0x00000009   Zero   RW          862    .bss                lin_config.o
    0x180005f7   COMPRESSED   0x00000001   PAD
    0x180005f8        -       0x00000036   Zero   RW         1304    .bss                lin_tl_protocol.o
    0x1800062e   COMPRESSED   0x00000002   PAD
    0x18000630        -       0x00000190   Zero   RW         2241    .bss                components.o
    0x180007c0        -       0x00000110   Zero   RW         2305    .bss                idle.o
    0x180008d0        -       0x00000100   Zero   RW         2675    .bss                scheduler.o
    0x180009d0        -       0x000001c8   Zero   RW         2859    .bss                timer.o
    0x18000b98        -       0x00000300   Zero   RW         1930    STACK               startup_tle985x.o



  Load Region LR$$.ARM.__at_0x10FFFFFC (Base: 0x10fffffc, Size: 0x00000004, Max: 0x00000004, ABSOLUTE)

    Execution Region ER$$.ARM.__at_0x10FFFFFC (Exec base: 0x10fffffc, Load base: 0x10fffffc, Size: 0x00000004, Max: 0x00000004, ABSOLUTE, UNINIT)

    Exec Addr    Load Addr    Size         Type   Attr      Idx    E Section Name        Object

    0x10fffffc   0x10fffffc   0x00000004   Data   RW         1940    .ARM.__at_0x10FFFFFC  system_tle985x.o


==============================================================================

Image component sizes


      Code (inc. data)   RO Data    RW Data    ZI Data      Debug   Object Name

       570         58          0          0          0      24467   adc1.o
        76         20          0          0          0        480   adc2.o
       384         56          0         28          0       4645   antipinch_serve.o
       720         76          0         16          0       4984   applogic.o
       312         54          0          0          0       8102   bdrv.o
       292         36          0          4          0      33026   board.o
       148         10          0          0          0      16952   ccu6.o
        60         10          0          4          0       1113   clock.o
       202         36         16          0        400       5704   components.o
       216         32          0          0          0        876   context_rvds.o
        68          6          0         12          0       2938   cpuport.o
        80         24          0          4          0        762   gpt12e.o
       224         32          0          0        272       5458   idle.o
       132         34          0          0          0        499   int.o
       476        104          0         30          0      28119   interrupt_serve.o
       398          0          0          0          0       8025   ipc.o
        64         12          0          1          0       1526   irq.o
       152         14          0          0          0      18657   isr.o
       300         32          0          8          0       3205   key_serve.o
       226          6        290          0          0       5332   kservice.o
        84         10          0          0          0       4035   lin.o
        36         18         96         88          9       7045   lin_config.o
      1788        156         15          5          0      12703   lin_diagnostic_service.o
       276         44          0         15          0       4566   lin_diagnostic_support.o
      1392        232          0         14          0      12870   lin_hal.o
       466         54          0         23          0       4085   lin_il.o
       736         72          0          0          0       4440   lin_protocol.o
       104         22          0          1          0        768   lin_serve.o
      1164         54          0          0         54       7999   lin_tl_protocol.o
       300         98          0          6        596     240627   main.o
       122          0          0          0          0       2046   method_serve.o
      1560        142          0         52         32      12105   motorcontol_serve.o
        64          4          0          4          0       2109   motorstalling_serve.o
       120          4          0          6          0       1237   myadc_serve.o
       194          4          0         64          0       6212   object.o
         0          0          0         36          0        356   parameters.o
       298         22          0         48          0       2430   pifunc.o
        68          8          0          0          0        471   pmu.o
       160          6          0          0          0        976   port.o
       428         56          0          4          0       4267   position_serve.o
       516         40          0          0          0      21039   pwm_serve.o
       538         94          0         24        256       8294   scheduler.o
       728         20          0          0          0       7005   scu.o
       840        142          0         36        306       5135   speed_serve.o
        36          8        160          0        768        832   startup_tle985x.o
        76          4          0          4          0       4888   system_tle985x.o
       704         38          0          0          0      10600   thread.o
      1114         78          0         20        456      12842   timer.o
        52          0          0          0          0        527   tle_device.o
        88         28          0          8          0       3164   uart.o
       376         50          0          5          0       6141   wdt1.o

    ----------------------------------------------------------------------
     19552       2160        612        584       3156     586684   Object Totals
         0          0         32          0          0          0   (incl. Generated)
        24          0          3         14          7          0   (incl. Padding)

    ----------------------------------------------------------------------

      Code (inc. data)   RO Data    RW Data    ZI Data      Debug   Library Member Name

        86          0          0          0          0          0   __dczerorl2.o
         0          0          0          0          0          0   entry.o
         0          0          0          0          0          0   entry10a.o
         0          0          0          0          0          0   entry11a.o
         8          4          0          0          0          0   entry2.o
         4          0          0          0          0          0   entry5.o
         0          0          0          0          0          0   entry7b.o
         0          0          0          0          0          0   entry8b.o
         8          4          0          0          0          0   entry9a.o
        30          0          0          0          0          0   handlers.o
        40          0          0          0          0         72   idiv.o
        36          8          0          0          0         68   init.o
         0          0          0          0          0          0   iusefp.o
        32          0          0          0          0         68   llshl.o
        38          0          0          0          0         68   llsshr.o
        34          0          0          0          0         68   llushr.o
        44          0          0          0          0         72   uidiv.o
        40          2          0          0          0         68   cdcmple.o
        40          2          0          0          0         68   cdrcmple.o
        20          0          0          0          0         68   cfcmple.o
        20          0          0          0          0         68   cfrcmple.o
        56          0          0          0          0         68   d2f.o
       356          4          0          0          0        140   dadd.o
       240          6          0          0          0         84   ddiv.o
       236          0          0          0          0        216   depilogue.o
        60         10          0          0          0         68   dfixui.o
       208          6          0          0          0         88   dmul.o
        40          0          0          0          0         60   f2d.o
       178          0          0          0          0        108   fadd.o
       124          0          0          0          0         72   fdiv.o
       130          0          0          0          0        144   fepilogue.o
        40          0          0          0          0         60   ffixui.o
        22          0          0          0          0         68   fflti.o
        14          0          0          0          0         68   ffltui.o
       122          0          0          0          0         72   fmul.o

    ----------------------------------------------------------------------
      2308         46          0          0          0       2004   Library Totals
         2          0          0          0          0          0   (incl. Padding)

    ----------------------------------------------------------------------

      Code (inc. data)   RO Data    RW Data    ZI Data      Debug   Library Name

       360         16          0          0          0        416   mc_p.l
      1946         30          0          0          0       1588   mf_p.l

    ----------------------------------------------------------------------
      2308         46          0          0          0       2004   Library Totals

    ----------------------------------------------------------------------

==============================================================================


      Code (inc. data)   RO Data    RW Data    ZI Data      Debug   

     21860       2206        612        584       3156     577828   Grand Totals
     21860       2206        612        176       3156     577828   ELF Image Totals (compressed)
     21860       2206        612        176          0          0   ROM Totals

==============================================================================

    Total RO  Size (Code + RO Data)                22472 (  21.95kB)
    Total RW  Size (RW Data + ZI Data)              3740 (   3.65kB)
    Total ROM Size (Code + RO Data + RW Data)      22648 (  22.12kB)

==============================================================================

