<html>
<body>
<pre>
<h1>µVision Build Log</h1>
<h2>Tool Versions:</h2>
IDE-Version: ¦ÌVision V5.24.2.0
Copyright (C) 2017 ARM Ltd and ARM Germany GmbH. All rights reserved.
License Information: zhang wyatt, dsad, LIC=V85FJ-USCW5-79IG1-CWSJ2-9RM7Z-N6XWU
 
Tool Versions:
Toolchain:       MDK-ARM Professional  Version: 5.24.1
Toolchain Path:  d:\Keil_v5\ARM\ARMCC\Bin
C Compiler:      Armcc.exe V5.06 update 5 (build 528)
Assembler:       Armasm.exe V5.06 update 5 (build 528)
Linker/Locator:  ArmLink.exe V5.06 update 5 (build 528)
Library Manager: ArmAr.exe V5.06 update 5 (build 528)
Hex Converter:   FromElf.exe V5.06 update 5 (build 528)
CPU DLL:         SARMCM3.DLL V5.24.1
Dialog DLL:      DARMCM1.DLL V1.18.0.0
Target DLL:      Segger\JL2CM3.dll V2.99.26.0
Dialog DLL:      TARMCM1.DLL V1.13.0.0
 
<h2>Project:</h2>
C:\Users\wyatt\Desktop\embed\JE Projects\MOSFET_BYD\anti-rtos-mosfer_2021_0413 v0.20\project_creattest.uvprojx
Project File Date:  04/12/2021

<h2>Output:</h2>
*** Using Compiler 'V5.06 update 5 (build 528)', folder: 'd:\Keil_v5\ARM\ARMCC\Bin'
Build target 'Mosfet'
compiling LIN_Serve.c...
compiling Key_Serve.c...
linking...
Program Size: Code=21860 RO-data=612 RW-data=584 ZI-data=3156  
".\Objects\project_creattest.axf" - 0 Error(s), 0 Warning(s).

<h2>Software Packages used:</h2>

Package Vendor: ARM
                http://www.keil.com/pack/ARM.CMSIS.5.7.0.pack
                ARM.CMSIS.5.7.0
                CMSIS (Cortex Microcontroller Software Interface Standard)
   * Component: CORE Version: 5.4.0

Package Vendor: Infineon
                https://www.infineon.com/cmsis_packs/TLE985x/Infineon.TLE985x_DFP.1.1.8.pack
                Infineon.TLE985x_DFP.1.1.8
                Infineon TLE985x Series Device Support
   * Component: Startup Version: 0.1.0
   * Component: WDT1 Version: 0.2.2
   * Component: UART Version: 0.2.4
   * Component: SCU Version: 0.2.5
   * Component: PORT Version: 0.2.2
   * Component: PMU Version: 0.2.2
   * Component: LIN Version: 0.2.3
   * Component: ISR Version: 0.2.3
   * Component: INT Version: 0.2.2
   * Component: GPT12E Version: 0.2.2
   * Component: CCU6 Version: 0.3.0
   * Component: BOOTROM Version: 0.2.2
   * Component: BDRV Version: 0.2.7
   * Component: ADC2 Version: 0.3.3
   * Component: ADC1 Version: 0.2.6
   * Component: ConfigWizard_v2 Version: 2.1.12

Package Vendor: RealThread
                https://www.rt-thread.org/download/mdk/RealThread.RT-Thread.3.1.3.pack
                RealThread.RT-Thread.3.1.3
                RT-Thread Software Components
   * Component: kernel Version: 3.1.3

<h2>Collection of Component include folders:</h2>
  .\RTE\Device\TLE9854QX
  .\RTE\RTOS
  .\RTE\_Mosfet
  d:\Keil_v5\ARM\PACK\ARM\CMSIS\5.7.0\CMSIS\Core\Include
  d:\Keil_v5\ARM\PACK\Infineon\TLE985x_DFP\1.1.8\Device\Include
  d:\Keil_v5\ARM\PACK\RealThread\RT-Thread\3.1.3\include

<h2>Collection of Component Files used:</h2>

   * Component: RealThread.RT-Thread::RTOS:kernel:3.1.3
      Include file:  bsp\rtconfig.h
      Source file:   bsp\board.c
      Source file:   src\mem.c
      Source file:   src\idle.c
      Source file:   libcpu\arm\cortex-m0\cpuport.c
      Source file:   src\thread.c
      Source file:   src\object.c
      Source file:   src\scheduler.c
      Source file:   src\clock.c
      Source file:   src\irq.c
      Source file:   src\timer.c
      Source file:   src\ipc.c
      Source file:   src\components.c
      Source file:   src\kservice.c
      Source file:   libcpu\arm\cortex-m0\context_rvds.S

   * Component: Infineon::Device:Startup:0.1.0
      Source file:   Device\Include\sfr_access.h
      Include file:  Device\Include\types.h
      Source file:   Device\SDK\app\main.c
      Include file:  Device\Include\tle_device.h
      Source file:   Device\Source\system_tle985x.c
      Include file:  Device\Include\system_tle985x.h
      Source file:   Device\Source\ARM\startup_tle985x.S
      Include file:  Device\Include\tle_variants.h
      Source file:   Device\Source\tle_device.c
      Include file:  Device\Include\cmsis_misra.h
      Include file:  Device\Include\tle985x.h

   * Component: Infineon::Device:SDK:WDT1:0.2.2
      Include file:  Device\SDK\inc\wdt1.h
      Source file:   Device\SDK\src\wdt1.c

   * Component: Infineon::Device:SDK:UART:0.2.4
      Include file:  Device\SDK\inc\uart.h
      Source file:   Device\SDK\src\uart.c

   * Component: Infineon::Device:SDK:SCU:0.2.5
      Source file:   Device\SDK\src\scu.c
      Include file:  Device\SDK\inc\scu.h

   * Component: Infineon::Device:SDK:PORT:0.2.2
      Source file:   Device\SDK\src\port.c
      Include file:  Device\SDK\inc\port.h

   * Component: Infineon::Device:SDK:PMU:0.2.2
      Include file:  Device\SDK\inc\pmu.h
      Source file:   Device\SDK\src\pmu.c

   * Component: Infineon::Device:SDK:LIN:0.2.3
      Include file:  Device\SDK\inc\lin.h
      Source file:   Device\SDK\src\lin.c

   * Component: Infineon::Device:SDK:ISR:0.2.3
      Include file:  Device\SDK\inc\isr.h
      Source file:   Device\SDK\src\isr.c

   * Component: Infineon::Device:SDK:INT:0.2.2
      Include file:  Device\SDK\inc\int.h
      Source file:   Device\SDK\src\int.c

   * Component: Infineon::Device:SDK:GPT12E:0.2.2
      Source file:   Device\SDK\src\gpt12e.c
      Include file:  Device\SDK\inc\gpt12e.h

   * Component: Infineon::Device:SDK:CCU6:0.3.0
      Include file:  Device\SDK\inc\ccu6.h
      Source file:   Device\SDK\src\ccu6.c

   * Component: Infineon::Device:SDK:BOOTROM:0.2.2
      Include file:  Device\SDK\inc\bootrom.h
      Source file:   Device\SDK\src\bootrom.c

   * Component: Infineon::Device:SDK:BDRV:0.2.7
      Source file:   Device\SDK\src\bdrv.c
      Include file:  Device\SDK\inc\bdrv.h

   * Component: Infineon::Device:SDK:ADC2:0.3.3
      Include file:  Device\SDK\inc\adc2.h
      Source file:   Device\SDK\src\adc2.c

   * Component: Infineon::Device:SDK:ADC1:0.2.6
      Source file:   Device\SDK\src\adc1.c
      Include file:  Device\SDK\inc\adc1.h

   * Component: Infineon::Device:ConfigWizard_v2:2.1.12
      Include file:  Device\SDK\cfgwiz\Half_Bridge\bsl_defines.h
      Include file:  Device\SDK\cfgwiz\Half_Bridge\scu_defines.h
      Include file:  Device\SDK\cfgwiz\Half_Bridge\port_defines.h
      Include file:  Device\SDK\cfgwiz\Half_Bridge\pmu_defines.h
      Include file:  Device\SDK\cfgwiz\Half_Bridge\adc2_defines.h
      Include file:  Device\SDK\cfgwiz\Half_Bridge\ccu6_defines.h
      Include file:  Device\SDK\cfgwiz\H_Bridge\bdrv_defines.h
      Include file:  Device\SDK\cfgwiz\Half_Bridge\int_defines.h
      Include file:  Device\SDK\cfgwiz\Half_Bridge\isr_defines.h
      Include file:  Device\SDK\cfgwiz\Half_Bridge\timer2x_defines.h
      Include file:  Device\SDK\cfgwiz\Half_Bridge\hs_defines.h
      Include file:  Device\SDK\cfgwiz\Half_Bridge\math_defines.h
      Include file:  Device\SDK\cfgwiz\Half_Bridge\csa_defines.h
      Include file:  Device\SDK\cfgwiz\Half_Bridge\uart_defines.h
      Include file:  Device\SDK\cfgwiz\Half_Bridge\lin_defines.h
      Include file:  Device\SDK\cfgwiz\Half_Bridge\adc1_defines.h
      Include file:  Device\SDK\cfgwiz\Half_Bridge\gpt12e_defines.h
      Include file:  Device\SDK\cfgwiz\Half_Bridge\mon_defines.h
      Include file:  Device\SDK\cfgwiz\Half_Bridge\ssc_defines.h

   * Component: ARM::CMSIS:CORE:5.4.0
Build Time Elapsed:  00:00:01
</pre>
</body>
</html>
